Archive member included because of file (symbol)

./../../../../BitCloud/lib/libHAL_ZigBit_Atmega1281_8Mhz_Gcc.a(appTimer.o)
                              All_Sec_ZigBit_Atmega1281_Rf212_8Mhz_Gcc/Obj/app.o (HAL_StartAppTimer)
./../../../../BitCloud/lib/libHAL_ZigBit_Atmega1281_8Mhz_Gcc.a(usart.o)
                              All_Sec_ZigBit_Atmega1281_Rf212_8Mhz_Gcc/Obj/app.o (HAL_WriteUsart)
./../../../../BitCloud/lib/libHAL_ZigBit_Atmega1281_8Mhz_Gcc.a(irq.o)
                              All_Sec_ZigBit_Atmega1281_Rf212_8Mhz_Gcc/Obj/buttons.o (HAL_RegisterIrq)
./../../../../BitCloud/lib/libHAL_ZigBit_Atmega1281_8Mhz_Gcc.a(i2cPacket.o)
                              All_Sec_ZigBit_Atmega1281_Rf212_8Mhz_Gcc/Obj/lm73.o (HAL_OpenI2cPacket)
./../../../../BitCloud/lib/libHAL_ZigBit_Atmega1281_8Mhz_Gcc.a(eeprom.o)
                              All_Sec_ZigBit_Atmega1281_Rf212_8Mhz_Gcc/Obj/pdsWriteData.o (HAL_ReadEeprom)
./../../../../BitCloud/lib/libHAL_ZigBit_Atmega1281_8Mhz_Gcc.a(timer.o)
                              ./../../../../BitCloud/lib/libHAL_ZigBit_Atmega1281_8Mhz_Gcc.a(appTimer.o) (halAddTimer)
./../../../../BitCloud/lib/libHAL_ZigBit_Atmega1281_8Mhz_Gcc.a(halSleepTimerClock.o)
                              ./../../../../BitCloud/lib/libHAL_ZigBit_Atmega1281_8Mhz_Gcc.a(appTimer.o) (halGetTimeOfSleepTimer)
./../../../../BitCloud/lib/libHAL_ZigBit_Atmega1281_8Mhz_Gcc.a(halAppClock.o)
                              ./../../../../BitCloud/lib/libHAL_ZigBit_Atmega1281_8Mhz_Gcc.a(appTimer.o) (halGetTimeOfAppTimer)
./../../../../BitCloud/lib/libHAL_ZigBit_Atmega1281_8Mhz_Gcc.a(halUsart.o)
                              ./../../../../BitCloud/lib/libHAL_ZigBit_Atmega1281_8Mhz_Gcc.a(usart.o) (halSetUsartConfig)
./../../../../BitCloud/lib/libHAL_ZigBit_Atmega1281_8Mhz_Gcc.a(halIrq.o)
                              ./../../../../BitCloud/lib/libHAL_ZigBit_Atmega1281_8Mhz_Gcc.a(irq.o) (halSetIrqConfig)
./../../../../BitCloud/lib/libHAL_ZigBit_Atmega1281_8Mhz_Gcc.a(halTwi.o)
                              ./../../../../BitCloud/lib/libHAL_ZigBit_Atmega1281_8Mhz_Gcc.a(i2cPacket.o) (halInitI2c)
./../../../../BitCloud/lib/libHAL_ZigBit_Atmega1281_8Mhz_Gcc.a(halEeprom.o)
                              ./../../../../BitCloud/lib/libHAL_ZigBit_Atmega1281_8Mhz_Gcc.a(eeprom.o) (halEepromWrite)
./../../../../BitCloud/lib/libHAL_ZigBit_Atmega1281_8Mhz_Gcc.a(halSleep.o)
                              ./../../../../BitCloud/lib/libHAL_ZigBit_Atmega1281_8Mhz_Gcc.a(halSleepTimerClock.o) (halPowerOn)
./../../../../BitCloud/lib/libHAL_ZigBit_Atmega1281_8Mhz_Gcc.a(calibration.o)
                              ./../../../../BitCloud/lib/libHAL_ZigBit_Atmega1281_8Mhz_Gcc.a(halSleep.o) (halStartingCalibrate)
./../../../../BitCloud/lib/libHAL_ZigBit_Atmega1281_8Mhz_Gcc.a(halRfCtrl.o)
                              ./../../../../BitCloud/lib/libHAL_ZigBit_Atmega1281_8Mhz_Gcc.a(halSleep.o) (halWaitRadio)
./../../../../BitCloud/lib/libHAL_ZigBit_Atmega1281_8Mhz_Gcc.a(halW1.o)
                              ./../../../../BitCloud/lib/libHAL_ZigBit_Atmega1281_8Mhz_Gcc.a(calibration.o) (__delay_us)
./../../../../BitCloud/lib/libHAL_ZigBit_Atmega1281_8Mhz_Gcc.a(halCalibration.o)
                              ./../../../../BitCloud/lib/libHAL_ZigBit_Atmega1281_8Mhz_Gcc.a(calibration.o) (halMeasurement)
./../../../../BitCloud/lib/libHAL_ZigBit_Atmega1281_8Mhz_Gcc.a(halTaskManager.o)
                              ./../../../../BitCloud/lib/libHAL_ZigBit_Atmega1281_8Mhz_Gcc.a(i2cPacket.o) (halTaskFlags4)
./../../../../BitCloud/lib/libHAL_ZigBit_Atmega1281_8Mhz_Gcc.a(adc.o)
                              ./../../../../BitCloud/lib/libHAL_ZigBit_Atmega1281_8Mhz_Gcc.a(halTaskManager.o) (halSigAdcHandler)
./../../../../BitCloud/lib/libHAL_ZigBit_Atmega1281_8Mhz_Gcc.a(sleep.o)
                              ./../../../../BitCloud/lib/libHAL_ZigBit_Atmega1281_8Mhz_Gcc.a(halSleepTimerClock.o) (halSleepControl)
./../../../../BitCloud/lib/libHAL_ZigBit_Atmega1281_8Mhz_Gcc.a(halClkCtrl.o)
                              ./../../../../BitCloud/lib/libHAL_ZigBit_Atmega1281_8Mhz_Gcc.a(halSleep.o) (halGetClockSource)
./../../../../BitCloud/lib/libHAL_ZigBit_Atmega1281_8Mhz_Gcc.a(halAdc.o)
                              ./../../../../BitCloud/lib/libHAL_ZigBit_Atmega1281_8Mhz_Gcc.a(adc.o) (halOpenAdc)
./../../../../BitCloud/lib/libHAL_ZigBit_Atmega1281_8Mhz_Gcc.a(halRfSpi.o)
                              ./../../../../BitCloud/lib/libHAL_ZigBit_Atmega1281_8Mhz_Gcc.a(halRfCtrl.o) (HAL_WriteByteRfSpi)
./../../../../BitCloud/lib/libHAL_ZigBit_Atmega1281_8Mhz_Gcc.a(sleepTimer.o)
                              ./../../../../BitCloud/lib/libHAL_ZigBit_Atmega1281_8Mhz_Gcc.a(sleep.o) (HAL_StartSleepTimer)
./../../../../BitCloud/lib/libBc_All_Sec_Atmega1281_Rf212_Gcc.a(nwk.o)
                              All_Sec_ZigBit_Atmega1281_Rf212_8Mhz_Gcc/Obj/configServer.o (NWK_ResetSecurityIB)
[...]
Memory Configuration

Name             Origin             Length             Attributes
text             0x00000000         0x00020000         xr
data             0x00800200         0x00001e0c         rw !x
eeprom           0x00810000         0x00001000         rw !x
*default*        0x00000000         0xffffffff

Linker script and memory map

Address of section .data set to 0x800200
LOAD c:/winavr-20100110/bin/../lib/gcc/avr/4.3.3/../../../../avr/lib/avr51/crtm1281.o

.text           0x00000000    0x1ab8e
                0x00000000                PROVIDE (__text_start, .)
 *(.vectors)
 .vectors       0x00000000       0xcc c:/winavr-20100110/bin/../lib/gcc/avr/4.3.3/../../../../avr/lib/avr51/crtm1281.o
                0x00000000                __vectors
                0x00000000                __vector_default
 *(.vectors)
                0x000000cc                PROVIDE (__pds_ff_start, .)
 *(.pds_ff)
 .pds_ff        0x000000cc       0xa8 All_Sec_ZigBit_Atmega1281_Rf212_8Mhz_Gcc/Obj/csPersistentMem.o
                0x00000168                csNwkSecurityFileDescriptors
                0x00000162                csBindingTableFileDescriptor
                0x0000015c                csGroupTableFileDescriptor
                0x00000156                csNeighborTableFileDescriptor
                0x000000cc                csGeneralFileDescriptors
                0x0000013e                csExtendedFileDescriptors
                0x00000174                PROVIDE (__pds_ff_end, .)
                0x00000174                PROVIDE (__pds_fd_start, .)
 *(.pds_fd)
 .pds_fd        0x00000174       0x24 All_Sec_ZigBit_Atmega1281_Rf212_8Mhz_Gcc/Obj/csPersistentMem.o
                0x00000180                csNwkSecurityTablesDirDescr
                0x00000174                csGeneralParamsDirDescr
                0x00000186                BCSystemDirDescr
                0x0000018c                BCExtGenParamsDirDescr
                0x00000192                BCRejoinParamsDirDescr
                0x0000017a                csExtendedParamsDirDescr
                0x00000198                PROVIDE (__pds_fd_end, .)
 *(.progmem.gcc*)
 .progmem.gcc_sw_table
                0x00000198       0x56 ./../../../../BitCloud/lib/libBc_All_Sec_Atmega1281_Rf212_Gcc.a(nwk.o)
 .progmem.gcc_sw_table
                0x000001ee       0x58 ./../../../../BitCloud/lib/libBc_All_Sec_Atmega1281_Rf212_Gcc.a(zdo.o)
 .progmem.gcc_sw_table
                0x00000246      0x110 ./../../../../BitCloud/lib/libBc_All_Sec_Atmega1281_Rf212_Gcc.a(macenvPib.o)
 .progmem.gcc_sw_table
                0x00000356       0x24 ./../../../../BitCloud/lib/libBc_All_Sec_Atmega1281_Rf212_Gcc.a(machwdManager.o)
 .progmem.gcc_sw_table
                0x0000037a       0x3c ./../../../../BitCloud/lib/libBc_All_Sec_Atmega1281_Rf212_Gcc.a(machwiManager.o)
 .progmem.gcc_sw_table
                0x000003b6       0x16 ./../../../../BitCloud/lib/libBc_All_Sec_Atmega1281_Rf212_Gcc.a(machwiPanServer.o)
 .progmem.gcc_sw_table
                0x000003cc       0x20 ./../../../../BitCloud/lib/libBc_All_Sec_Atmega1281_Rf212_Gcc.a(machwiScanHandler.o)
 .progmem.gcc_sw_table
                0x000003ec       0x18 ./../../../../BitCloud/lib/libBc_All_Sec_Atmega1281_Rf212_Gcc.a(sspCcmHandler.o)
 .progmem.gcc_sw_table
                0x00000404       0x26 ./../../../../BitCloud/lib/libBc_All_Sec_Atmega1281_Rf212_Gcc.a(machwdFrameRoutine.o)
 *(.progmem*)
 .progmem.data  0x0000042a      0x181 All_Sec_ZigBit_Atmega1281_Rf212_8Mhz_Gcc/Obj/tsl2550.o
                0x000004ab                tsl2550Count
                0x0000042a                tsl2550Ratio
 .progmem.data  0x000005ab       0xc4 All_Sec_ZigBit_Atmega1281_Rf212_8Mhz_Gcc/Obj/csPersistentMem.o
                0x00000643                BCRejoinParamsMemoryIdsTable
                0x000005ab                CsGeneralMemoryIdsTable
                0x000005d9                CsNwkSecurityMemoryIdsTable
                0x000005dd                BCSystemMemoryIdsTable
                0x00000615                BCExtGenParamsMemoryIdsTable
                0x000005d1                CsExtendedMemoryIdsTable
 .progmem.data  0x0000066f      0x2b4 All_Sec_ZigBit_Atmega1281_Rf212_8Mhz_Gcc/Obj/csMem.o
                0x0000079b                csMemoryItems
                0x000006fd                defaultZIB
                0x0000072c                defaultAIB
                0x0000066f                defaultNIB
                0x00000777                csReadOnlyItems
                0x00000738                defaultSIB
 .progmem.data  0x00000923        0xc ./../../../../BitCloud/lib/libHAL_ZigBit_Atmega1281_8Mhz_Gcc.a(usart.o)
 .progmem.data  0x0000092f      0x132 ./../../../../BitCloud/lib/libBc_All_Sec_Atmega1281_Rf212_Gcc.a(nwk.o)
 .progmem.data  0x00000a61        0x4 ./../../../../BitCloud/lib/libBc_All_Sec_Atmega1281_Rf212_Gcc.a(sspManager.o)
                0x00000a61                sspHandlers
 .progmem.data  0x00000a65        0x4 ./../../../../BitCloud/lib/libBc_All_Sec_Atmega1281_Rf212_Gcc.a(sspSfpHandler.o)
                0x00000a65                secLevelLenM
 .progmem.data  0x00000a69        0x4 ./../../../../BitCloud/lib/libBc_All_Sec_Atmega1281_Rf212_Gcc.a(tcTaskManager.o)
 .progmem.data  0x00000a6d       0x2e ./../../../../BitCloud/lib/libBc_All_Sec_Atmega1281_Rf212_Gcc.a(aps.o)
 .progmem.data  0x00000a9b       0x3b ./../../../../BitCloud/lib/libBc_All_Sec_Atmega1281_Rf212_Gcc.a(phySet.o)
                0x00000ad6                . = ALIGN (0x2)
 *(.trampolines*)
 .trampolines   0x00000ad6        0x0 linker stubs
 *(.jumptables*)
 *(.lowtext*)
 *(.init0)
 .init0         0x00000ad6        0x0 c:/winavr-20100110/bin/../lib/gcc/avr/4.3.3/../../../../avr/lib/avr51/crtm1281.o
                0x00000ad6                __init
 .init0         0x00000ad6       0x30 ./../../../../BitCloud/lib/WdtInitatmega1281_Gcc.o
                0x00000ad6                halWdtInit
 *(.init0)
 *(.init1)
 *(.init1)
 *(.init2)
 .init2         0x00000b06        0xc c:/winavr-20100110/bin/../lib/gcc/avr/4.3.3/../../../../avr/lib/avr51/crtm1281.o
 *(.init2)
 *(.init3)
 *(.init3)
 *(.init4)
 .init4         0x00000b12       0x1a c:/winavr-20100110/bin/../lib/gcc/avr/4.3.3/../../../../avr/lib/avr51/crtm1281.o
                0x00000b12                __do_copy_data
 .init4         0x00000b2c       0x10 c:/winavr-20100110/bin/../lib/gcc/avr/4.3.3/avr51\libgcc.a(_clear_bss.o)
                0x00000b2c                __do_clear_bss
 *(.init4)
 *(.init5)
 *(.init5)
 *(.init6)
 *(.init6)
 *(.init7)
 *(.init7)
 *(.init8)
 *(.init8)
 *(.text.main)
 .text.main     0x00000b3c        0xa All_Sec_ZigBit_Atmega1281_Rf212_8Mhz_Gcc/Obj/app.o
                0x00000b3c                main
 *(.text.main)
 *(.text)
 .text          0x00000b46        0x4 c:/winavr-20100110/bin/../lib/gcc/avr/4.3.3/../../../../avr/lib/avr51/crtm1281.o
                0x00000b46                __vector_22
                0x00000b46                __vector_28
                0x00000b46                __vector_1
                0x00000b46                __vector_32
                0x00000b46                __vector_34
                0x00000b46                __vector_24
                0x00000b46                __vector_12
                0x00000b46                __vector_46
                0x00000b46                __bad_interrupt
                0x00000b46                __vector_31
                0x00000b46                __vector_35
                0x00000b46                __vector_3
                0x00000b46                __vector_23
                0x00000b46                __vector_45
                0x00000b46                __vector_11
                0x00000b46                __vector_17
                0x00000b46                __vector_19
                0x00000b46                __vector_49
                0x00000b46                __vector_41
                0x00000b46                __vector_33
                0x00000b46                __vector_47
                0x00000b46                __vector_4
                0x00000b46                __vector_44
                0x00000b46                __vector_9
                0x00000b46                __vector_2
                0x00000b46                __vector_21
                0x00000b46                __vector_40
                0x00000b46                __vector_48
                0x00000b46                __vector_14
                0x00000b46                __vector_10
                0x00000b46                __vector_50
                0x00000b46                __vector_16
                0x00000b46                __vector_18
                0x00000b46                __vector_20
 .text          0x00000b4a       0xce ./../../../../BitCloud/lib/libHAL_ZigBit_Atmega1281_8Mhz_Gcc.a(halW1.o)
                0x00000c08                __delay_us
                0x00000b4a                halResetW1
                0x00000bf6                halWriteW1
                0x00000b7e                halReadW1Bit
                0x00000bae                halReadW1
                0x00000bca                halWriteW1bit
 .text          0x00000c18       0x3a ./../../../../BitCloud/lib/libHAL_ZigBit_Atmega1281_8Mhz_Gcc.a(halCalibration.o)
                0x00000c18                halMeasurement
 .text          0x00000c52       0xfe c:/winavr-20100110/bin/../lib/gcc/avr/4.3.3/avr51\libgcc.a(_lshrdi3.o)
                0x00000c52                __lshrdi3
 .text          0x00000d50       0xfe c:/winavr-20100110/bin/../lib/gcc/avr/4.3.3/avr51\libgcc.a(_ashldi3.o)
                0x00000d50                __ashldi3
 *(.text.*)
 .text.printMessageFired
                0x00000e4e       0x20 All_Sec_ZigBit_Atmega1281_Rf212_8Mhz_Gcc/Obj/app.o
 .text.ZDO_MgmtNwkUpdateNotf
                0x00000e6e        0x2 All_Sec_ZigBit_Atmega1281_Rf212_8Mhz_Gcc/Obj/app.o
                0x00000e6e                ZDO_MgmtNwkUpdateNotf
 .text.ZDO_WakeUpInd
                0x00000e70        0x2 All_Sec_ZigBit_Atmega1281_Rf212_8Mhz_Gcc/Obj/app.o
                0x00000e70                ZDO_WakeUpInd
 .text.ZDO_BindIndication
                0x00000e72        0x2 All_Sec_ZigBit_Atmega1281_Rf212_8Mhz_Gcc/Obj/app.o
                0x00000e72                ZDO_BindIndication
 .text.ZDO_UnbindIndication
                0x00000e74        0x2 All_Sec_ZigBit_Atmega1281_Rf212_8Mhz_Gcc/Obj/app.o
                0x00000e74                ZDO_UnbindIndication
 .text.APL_TaskHandler
                0x00000e76      0x136 All_Sec_ZigBit_Atmega1281_Rf212_8Mhz_Gcc/Obj/app.o
                0x00000e76                APL_TaskHandler
 .text.pdsDummyCallback
                0x00000fac        0x2 All_Sec_ZigBit_Atmega1281_Rf212_8Mhz_Gcc/Obj/pdsWriteData.o
                0x00000fac                pdsDummyCallback
 .text.pdsWaitMemoryFree
                0x00000fae       0x10 All_Sec_ZigBit_Atmega1281_Rf212_8Mhz_Gcc/Obj/pdsWriteData.o
                0x00000fae                pdsWaitMemoryFree
 .text.pdsRead  0x00000fbe       0x38 All_Sec_ZigBit_Atmega1281_Rf212_8Mhz_Gcc/Obj/pdsWriteData.o
                0x00000fbe                pdsRead
 .text.pdsWrite
                0x00000ff6       0x38 All_Sec_ZigBit_Atmega1281_Rf212_8Mhz_Gcc/Obj/pdsWriteData.o
                0x00000ff6                pdsWrite
 .text.pdsStartCommitment
                0x0000102e      0x1e0 All_Sec_ZigBit_Atmega1281_Rf212_8Mhz_Gcc/Obj/pdsWriteData.o
                0x0000102e                pdsStartCommitment
 .text.pdsAddDataForCommitment
                0x0000120e       0x6e All_Sec_ZigBit_Atmega1281_Rf212_8Mhz_Gcc/Obj/pdsWriteData.o
                0x0000120e                pdsAddDataForCommitment
 .text.pdsInitMemMask
                0x0000127c       0x3a All_Sec_ZigBit_Atmega1281_Rf212_8Mhz_Gcc/Obj/pdsDataServer.o
 .text.pdsGetMemoryAllowed
                0x000012b6       0x36 All_Sec_ZigBit_Atmega1281_Rf212_8Mhz_Gcc/Obj/pdsDataServer.o
 .text.PDS_IsMemoryRestored
                0x000012ec       0x7e All_Sec_ZigBit_Atmega1281_Rf212_8Mhz_Gcc/Obj/pdsDataServer.o
                0x000012ec                PDS_IsMemoryRestored
 .text.PDS_Store
                0x0000136a       0x14 All_Sec_ZigBit_Atmega1281_Rf212_8Mhz_Gcc/Obj/pdsDataServer.o
                0x0000136a                PDS_Store
 .text.PDS_Init
                0x0000137e      0x226 All_Sec_ZigBit_Atmega1281_Rf212_8Mhz_Gcc/Obj/pdsInit.o
                0x0000137e                PDS_Init
 .text.pdsTimerInit
                0x000015a4       0x12 All_Sec_ZigBit_Atmega1281_Rf212_8Mhz_Gcc/Obj/pdsTimer.o
                0x000015a4                pdsTimerInit
 .text.pdsTimerFired
                0x000015b6        0xe All_Sec_ZigBit_Atmega1281_Rf212_8Mhz_Gcc/Obj/pdsTimer.o
 .text.pdsExpandMemoryMask
                0x000015c4      0x15e All_Sec_ZigBit_Atmega1281_Rf212_8Mhz_Gcc/Obj/pdsMemAccess.o
                0x000015c4                pdsExpandMemoryMask
 .text.pdsGetFileDescrRec
                0x00001722       0x66 All_Sec_ZigBit_Atmega1281_Rf212_8Mhz_Gcc/Obj/pdsMemAccess.o
                0x00001722                pdsGetFileDescrRec
 .text.pdsPrepareAccessContext
                0x00001788       0x4a All_Sec_ZigBit_Atmega1281_Rf212_8Mhz_Gcc/Obj/pdsMemAccess.o
                0x00001788                pdsPrepareAccessContext
 .text.pdsGetFileOffset
                0x000017d2      0x118 All_Sec_ZigBit_Atmega1281_Rf212_8Mhz_Gcc/Obj/pdsMemAccess.o
                0x000017d2                pdsGetFileOffset
 .text.pdsPrepareMemoryAccess
                0x000018ea       0xc4 All_Sec_ZigBit_Atmega1281_Rf212_8Mhz_Gcc/Obj/pdsMemAccess.o
                0x000018ea                pdsPrepareMemoryAccess
 .text.pdsCalculateRAMDataCrc
                0x000019ae       0x20 All_Sec_ZigBit_Atmega1281_Rf212_8Mhz_Gcc/Obj/pdsCrcService.o
                0x000019ae                pdsCalculateRAMDataCrc
 .text.pdsCheckFile
                0x000019ce       0xe4 All_Sec_ZigBit_Atmega1281_Rf212_8Mhz_Gcc/Obj/pdsCrcService.o
                0x000019ce                pdsCheckFile
 .text.pdsCheckStorage
                0x00001ab2       0x84 All_Sec_ZigBit_Atmega1281_Rf212_8Mhz_Gcc/Obj/pdsCrcService.o
                0x00001ab2                pdsCheckStorage
 .text.bspButtonsHandler
                0x00001b36      0x10e All_Sec_ZigBit_Atmega1281_Rf212_8Mhz_Gcc/Obj/buttons.o
                0x00001b36                bspButtonsHandler
 .text.lm73I2cPacketReadDone
                0x00001c44       0xae All_Sec_ZigBit_Atmega1281_Rf212_8Mhz_Gcc/Obj/lm73.o
 .text.bspLm73Handler
                0x00001cf2       0x24 All_Sec_ZigBit_Atmega1281_Rf212_8Mhz_Gcc/Obj/lm73.o
                0x00001cf2                bspLm73Handler
 .text.tsl2550I2cPacketReadDoneCh1
                0x00001d16       0x2e All_Sec_ZigBit_Atmega1281_Rf212_8Mhz_Gcc/Obj/tsl2550.o
 .text.bspTsl2550Handler
                0x00001d44      0x13a All_Sec_ZigBit_Atmega1281_Rf212_8Mhz_Gcc/Obj/tsl2550.o
                0x00001d44                bspTsl2550Handler
 .text.tsl2550StartFirstReading
                0x00001e7e       0x6a All_Sec_ZigBit_Atmega1281_Rf212_8Mhz_Gcc/Obj/tsl2550.o
 .text.tsl2550I2cPacketReadDoneCh0
                0x00001ee8       0x66 All_Sec_ZigBit_Atmega1281_Rf212_8Mhz_Gcc/Obj/tsl2550.o
 .text.tsl2550I2cPacketWriteDoneCh0
                0x00001f4e       0x60 All_Sec_ZigBit_Atmega1281_Rf212_8Mhz_Gcc/Obj/tsl2550.o
 .text.tsl2550I2cPacketWriteDoneCh1
                0x00001fae       0x60 All_Sec_ZigBit_Atmega1281_Rf212_8Mhz_Gcc/Obj/tsl2550.o
 .text.bspEmptyBatteryHandler
                0x0000200e       0x10 All_Sec_ZigBit_Atmega1281_Rf212_8Mhz_Gcc/Obj/fakeBSP.o
                0x0000200e                bspEmptyBatteryHandler
 .text.BSP_TaskHandler
                0x0000201e       0x7a All_Sec_ZigBit_Atmega1281_Rf212_8Mhz_Gcc/Obj/bspTaskManager.o
                0x0000201e                BSP_TaskHandler
 .text.csSetToDefault
                0x00002098       0x7e All_Sec_ZigBit_Atmega1281_Rf212_8Mhz_Gcc/Obj/csMem.o
                0x00002098                csSetToDefault
 .text.CS_GetMemory
                0x00002116       0x46 All_Sec_ZigBit_Atmega1281_Rf212_8Mhz_Gcc/Obj/configServer.o
                0x00002116                CS_GetMemory
 .text.CS_WriteParameter
                0x0000215c       0x5c All_Sec_ZigBit_Atmega1281_Rf212_8Mhz_Gcc/Obj/configServer.o
                0x0000215c                CS_WriteParameter
 .text.CS_ReadParameter
                0x000021b8       0x5a All_Sec_ZigBit_Atmega1281_Rf212_8Mhz_Gcc/Obj/configServer.o
                0x000021b8                CS_ReadParameter
 .text.CS_Init  0x00002212        0xa All_Sec_ZigBit_Atmega1281_Rf212_8Mhz_Gcc/Obj/configServer.o
                0x00002212                CS_Init
 .text.halAppTimerHandler
                0x0000221c       0x8a ./../../../../BitCloud/lib/libHAL_ZigBit_Atmega1281_8Mhz_Gcc.a(appTimer.o)
                0x0000221c                halAppTimerHandler
 .text.HAL_StartAppTimer
                0x000022a6       0x58 ./../../../../BitCloud/lib/libHAL_ZigBit_Atmega1281_8Mhz_Gcc.a(appTimer.o)
                0x000022a6                HAL_StartAppTimer
 .text.HAL_StopAppTimer
                0x000022fe       0x4a ./../../../../BitCloud/lib/libHAL_ZigBit_Atmega1281_8Mhz_Gcc.a(appTimer.o)
                0x000022fe                HAL_StopAppTimer
 .text.HAL_GetSystemTime
                0x00002348       0x4e ./../../../../BitCloud/lib/libHAL_ZigBit_Atmega1281_8Mhz_Gcc.a(appTimer.o)
                0x00002348                HAL_GetSystemTime
 .text.halSigUsartReceptionComplete
                0x00002396       0x54 ./../../../../BitCloud/lib/libHAL_ZigBit_Atmega1281_8Mhz_Gcc.a(usart.o)
 .text.halSetUsartClockPinDirection
                0x000023ea       0x36 ./../../../../BitCloud/lib/libHAL_ZigBit_Atmega1281_8Mhz_Gcc.a(usart.o)
 .text.halUsartTaskUsart0Rxc
                0x00002420        0x8 ./../../../../BitCloud/lib/libHAL_ZigBit_Atmega1281_8Mhz_Gcc.a(usart.o)
 .text.halUsartTaskUsart1Rxc
                0x00002428        0x8 ./../../../../BitCloud/lib/libHAL_ZigBit_Atmega1281_8Mhz_Gcc.a(usart.o)
 .text.halUsartHwController
                0x00002430      0x102 ./../../../../BitCloud/lib/libHAL_ZigBit_Atmega1281_8Mhz_Gcc.a(usart.o)
 .text.hwControlPinsPollCallback
                0x00002532        0x8 ./../../../../BitCloud/lib/libHAL_ZigBit_Atmega1281_8Mhz_Gcc.a(usart.o)
                0x00002532                hwControlPinsPollCallback
 .text.halUsartTaskUsart1Dre
                0x0000253a        0x8 ./../../../../BitCloud/lib/libHAL_ZigBit_Atmega1281_8Mhz_Gcc.a(usart.o)
 .text.halUsartTaskUsart0Dre
                0x00002542        0x8 ./../../../../BitCloud/lib/libHAL_ZigBit_Atmega1281_8Mhz_Gcc.a(usart.o)
 .text.halSigUsartHandler
                0x0000254a       0x6e ./../../../../BitCloud/lib/libHAL_ZigBit_Atmega1281_8Mhz_Gcc.a(usart.o)
                0x0000254a                halSigUsartHandler
 .text.halPostUsartTask
                0x000025b8       0x3c ./../../../../BitCloud/lib/libHAL_ZigBit_Atmega1281_8Mhz_Gcc.a(usart.o)
                0x000025b8                halPostUsartTask
 .text.halUsartRxBufferFiller
                0x000025f4       0xe6 ./../../../../BitCloud/lib/libHAL_ZigBit_Atmega1281_8Mhz_Gcc.a(usart.o)
                0x000025f4                halUsartRxBufferFiller
 .text.halSigUsartTransmissionComplete
                0x000026da       0x68 ./../../../../BitCloud/lib/libHAL_ZigBit_Atmega1281_8Mhz_Gcc.a(usart.o)
                0x000026da                halSigUsartTransmissionComplete
 .text.halUsartTaskUsart1Txc
                0x00002742        0x8 ./../../../../BitCloud/lib/libHAL_ZigBit_Atmega1281_8Mhz_Gcc.a(usart.o)
 .text.halUsartTaskUsart0Txc
                0x0000274a        0x8 ./../../../../BitCloud/lib/libHAL_ZigBit_Atmega1281_8Mhz_Gcc.a(usart.o)
 .text.halIsUsartChannelCorrect
                0x00002752       0x16 ./../../../../BitCloud/lib/libHAL_ZigBit_Atmega1281_8Mhz_Gcc.a(usart.o)
                0x00002752                halIsUsartChannelCorrect
 .text.HAL_WriteUsart
                0x00002768       0xfc ./../../../../BitCloud/lib/libHAL_ZigBit_Atmega1281_8Mhz_Gcc.a(usart.o)
                0x00002768                HAL_WriteUsart
 .text.HAL_OpenUsart
                0x00002864       0xca ./../../../../BitCloud/lib/libHAL_ZigBit_Atmega1281_8Mhz_Gcc.a(usart.o)
                0x00002864                HAL_OpenUsart
 .text.HAL_EnableIrq
                0x0000292e       0x3e ./../../../../BitCloud/lib/libHAL_ZigBit_Atmega1281_8Mhz_Gcc.a(irq.o)
                0x0000292e                HAL_EnableIrq
 .text.halI2cBusReset
                0x0000296c       0x36 ./../../../../BitCloud/lib/libHAL_ZigBit_Atmega1281_8Mhz_Gcc.a(i2cPacket.o)
                0x0000296c                halI2cBusReset
 .text.HAL_CloseI2cPacket
                0x000029a2       0x32 ./../../../../BitCloud/lib/libHAL_ZigBit_Atmega1281_8Mhz_Gcc.a(i2cPacket.o)
                0x000029a2                HAL_CloseI2cPacket
 .text.HAL_WriteI2cPacket
                0x000029d4       0x52 ./../../../../BitCloud/lib/libHAL_ZigBit_Atmega1281_8Mhz_Gcc.a(i2cPacket.o)
                0x000029d4                HAL_WriteI2cPacket
 .text.HAL_ReadI2cPacket
                0x00002a26       0x52 ./../../../../BitCloud/lib/libHAL_ZigBit_Atmega1281_8Mhz_Gcc.a(i2cPacket.o)
                0x00002a26                HAL_ReadI2cPacket
 .text.halSendStartDoneI2c
                0x00002a78       0x3e ./../../../../BitCloud/lib/libHAL_ZigBit_Atmega1281_8Mhz_Gcc.a(i2cPacket.o)
                0x00002a78                halSendStartDoneI2c
 .text.halWriteData
                0x00002ab6       0x64 ./../../../../BitCloud/lib/libHAL_ZigBit_Atmega1281_8Mhz_Gcc.a(i2cPacket.o)
                0x00002ab6                halWriteData
 .text.halWriteInternalAddress
                0x00002b1a       0x5c ./../../../../BitCloud/lib/libHAL_ZigBit_Atmega1281_8Mhz_Gcc.a(i2cPacket.o)
                0x00002b1a                halWriteInternalAddress
 .text.halWriteDoneI2c
                0x00002b76       0x3a ./../../../../BitCloud/lib/libHAL_ZigBit_Atmega1281_8Mhz_Gcc.a(i2cPacket.o)
                0x00002b76                halWriteDoneI2c
 .text.halMasterReadWriteAddressAckI2c
                0x00002bb0       0x3c ./../../../../BitCloud/lib/libHAL_ZigBit_Atmega1281_8Mhz_Gcc.a(i2cPacket.o)
                0x00002bb0                halMasterReadWriteAddressAckI2c
 .text.halReadDoneI2c
                0x00002bec       0x58 ./../../../../BitCloud/lib/libHAL_ZigBit_Atmega1281_8Mhz_Gcc.a(i2cPacket.o)
                0x00002bec                halReadDoneI2c
 .text.halReadLastByteDoneI2c
                0x00002c44       0x58 ./../../../../BitCloud/lib/libHAL_ZigBit_Atmega1281_8Mhz_Gcc.a(i2cPacket.o)
                0x00002c44                halReadLastByteDoneI2c
 .text.halSig2WireSerialHandler
                0x00002c9c       0x46 ./../../../../BitCloud/lib/libHAL_ZigBit_Atmega1281_8Mhz_Gcc.a(i2cPacket.o)
                0x00002c9c                halSig2WireSerialHandler
 .text.HAL_ReadEeprom
                0x00002ce2       0xc8 ./../../../../BitCloud/lib/libHAL_ZigBit_Atmega1281_8Mhz_Gcc.a(eeprom.o)
                0x00002ce2                HAL_ReadEeprom
 .text.HAL_WriteEeprom
                0x00002daa       0xea ./../../../../BitCloud/lib/libHAL_ZigBit_Atmega1281_8Mhz_Gcc.a(eeprom.o)
                0x00002daa                HAL_WriteEeprom
 .text.HAL_IsEepromBusy
                0x00002e94        0xe ./../../../../BitCloud/lib/libHAL_ZigBit_Atmega1281_8Mhz_Gcc.a(eeprom.o)
                0x00002e94                HAL_IsEepromBusy
 .text.halSigEepromReadyHandler
                0x00002ea2       0x60 ./../../../../BitCloud/lib/libHAL_ZigBit_Atmega1281_8Mhz_Gcc.a(eeprom.o)
                0x00002ea2                halSigEepromReadyHandler
 .text.halAddTimer
                0x00002f02      0x370 ./../../../../BitCloud/lib/libHAL_ZigBit_Atmega1281_8Mhz_Gcc.a(timer.o)
                0x00002f02                halAddTimer
 .text.halRemoveTimer
                0x00003272       0x3e ./../../../../BitCloud/lib/libHAL_ZigBit_Atmega1281_8Mhz_Gcc.a(timer.o)
                0x00003272                halRemoveTimer
 .text.halFindPrevTimer
                0x000032b0       0x1e ./../../../../BitCloud/lib/libHAL_ZigBit_Atmega1281_8Mhz_Gcc.a(timer.o)
                0x000032b0                halFindPrevTimer
 .text.halClearTimeControl
                0x000032ce       0x14 ./../../../../BitCloud/lib/libHAL_ZigBit_Atmega1281_8Mhz_Gcc.a(halSleepTimerClock.o)
                0x000032ce                halClearTimeControl
 .text.halWakeupFromIrq
                0x000032e2       0x28 ./../../../../BitCloud/lib/libHAL_ZigBit_Atmega1281_8Mhz_Gcc.a(halSleepTimerClock.o)
                0x000032e2                halWakeupFromIrq
 .text.halStartSleepTimerClock
                0x0000330a       0x48 ./../../../../BitCloud/lib/libHAL_ZigBit_Atmega1281_8Mhz_Gcc.a(halSleepTimerClock.o)
                0x0000330a                halStartSleepTimerClock
 .text.halStopSleepTimerClock
                0x00003352       0x42 ./../../../../BitCloud/lib/libHAL_ZigBit_Atmega1281_8Mhz_Gcc.a(halSleepTimerClock.o)
                0x00003352                halStopSleepTimerClock
 .text.halSetSleepTimerInterval
                0x00003394       0x6a ./../../../../BitCloud/lib/libHAL_ZigBit_Atmega1281_8Mhz_Gcc.a(halSleepTimerClock.o)
                0x00003394                halSetSleepTimerInterval
 .text.halGetTimeOfSleepTimer
                0x000033fe       0xbc ./../../../../BitCloud/lib/libHAL_ZigBit_Atmega1281_8Mhz_Gcc.a(halSleepTimerClock.o)
                0x000033fe                halGetTimeOfSleepTimer
 .text.halSleepTimerFrequency
                0x000034ba        0xa ./../../../../BitCloud/lib/libHAL_ZigBit_Atmega1281_8Mhz_Gcc.a(halSleepTimerClock.o)
                0x000034ba                halSleepTimerFrequency
 .text.halSleepSystemTimeSynchronize
                0x000034c4       0x62 ./../../../../BitCloud/lib/libHAL_ZigBit_Atmega1281_8Mhz_Gcc.a(halSleepTimerClock.o)
                0x000034c4                halSleepSystemTimeSynchronize
 .text.__vector_13
                0x00003526       0x92 ./../../../../BitCloud/lib/libHAL_ZigBit_Atmega1281_8Mhz_Gcc.a(halSleepTimerClock.o)
                0x00003526                __vector_13
 .text.__vector_15
                0x000035b8      0x10a ./../../../../BitCloud/lib/libHAL_ZigBit_Atmega1281_8Mhz_Gcc.a(halSleepTimerClock.o)
                0x000035b8                __vector_15
 .text.halInitAppClock
                0x000036c2       0x26 ./../../../../BitCloud/lib/libHAL_ZigBit_Atmega1281_8Mhz_Gcc.a(halAppClock.o)
                0x000036c2                halInitAppClock
 .text.halAdjustSleepInterval
                0x000036e8       0x50 ./../../../../BitCloud/lib/libHAL_ZigBit_Atmega1281_8Mhz_Gcc.a(halAppClock.o)
                0x000036e8                halAdjustSleepInterval
 .text.halAppSystemTimeSynchronize
                0x00003738       0x62 ./../../../../BitCloud/lib/libHAL_ZigBit_Atmega1281_8Mhz_Gcc.a(halAppClock.o)
                0x00003738                halAppSystemTimeSynchronize
 .text.halGetTimeOfAppTimer
                0x0000379a       0x16 ./../../../../BitCloud/lib/libHAL_ZigBit_Atmega1281_8Mhz_Gcc.a(halAppClock.o)
                0x0000379a                halGetTimeOfAppTimer
 .text.__vector_42
                0x000037b0       0x4c ./../../../../BitCloud/lib/libHAL_ZigBit_Atmega1281_8Mhz_Gcc.a(halAppClock.o)
                0x000037b0                __vector_42
 .text.halSetUsartConfig
                0x000037fc       0xb2 ./../../../../BitCloud/lib/libHAL_ZigBit_Atmega1281_8Mhz_Gcc.a(halUsart.o)
                0x000037fc                halSetUsartConfig
 .text.__vector_26
                0x000038ae       0x5c ./../../../../BitCloud/lib/libHAL_ZigBit_Atmega1281_8Mhz_Gcc.a(halUsart.o)
                0x000038ae                __vector_26
 .text.__vector_27
                0x0000390a       0x5c ./../../../../BitCloud/lib/libHAL_ZigBit_Atmega1281_8Mhz_Gcc.a(halUsart.o)
                0x0000390a                __vector_27
 .text.__vector_25
                0x00003966       0x64 ./../../../../BitCloud/lib/libHAL_ZigBit_Atmega1281_8Mhz_Gcc.a(halUsart.o)
                0x00003966                __vector_25
 .text.__vector_37
                0x000039ca       0x5c ./../../../../BitCloud/lib/libHAL_ZigBit_Atmega1281_8Mhz_Gcc.a(halUsart.o)
                0x000039ca                __vector_37
 .text.__vector_38
                0x00003a26       0x5c ./../../../../BitCloud/lib/libHAL_ZigBit_Atmega1281_8Mhz_Gcc.a(halUsart.o)
                0x00003a26                __vector_38
 .text.__vector_36
                0x00003a82       0x64 ./../../../../BitCloud/lib/libHAL_ZigBit_Atmega1281_8Mhz_Gcc.a(halUsart.o)
                0x00003a82                __vector_36
 .text.__vector_5
                0x00003ae6       0x66 ./../../../../BitCloud/lib/libHAL_ZigBit_Atmega1281_8Mhz_Gcc.a(halUsart.o)
                0x00003ae6                __vector_5
 .text.halSetIrqConfig
                0x00003b4c       0x5e ./../../../../BitCloud/lib/libHAL_ZigBit_Atmega1281_8Mhz_Gcc.a(halIrq.o)
                0x00003b4c                halSetIrqConfig
 .text.__vector_7
                0x00003baa       0x5e ./../../../../BitCloud/lib/libHAL_ZigBit_Atmega1281_8Mhz_Gcc.a(halIrq.o)
                0x00003baa                __vector_7
 .text.__vector_8
                0x00003c08       0x5e ./../../../../BitCloud/lib/libHAL_ZigBit_Atmega1281_8Mhz_Gcc.a(halIrq.o)
                0x00003c08                __vector_8
 .text.__vector_39
                0x00003c66       0xda ./../../../../BitCloud/lib/libHAL_ZigBit_Atmega1281_8Mhz_Gcc.a(halTwi.o)
                0x00003c66                __vector_39
 .text.halEepromWrite
                0x00003d40       0x1c ./../../../../BitCloud/lib/libHAL_ZigBit_Atmega1281_8Mhz_Gcc.a(halEeprom.o)
                0x00003d40                halEepromWrite
 .text.__vector_30
                0x00003d5c       0x44 ./../../../../BitCloud/lib/libHAL_ZigBit_Atmega1281_8Mhz_Gcc.a(halEeprom.o)
                0x00003d5c                __vector_30
 .text.halPowerOn
                0x00003da0       0x5e ./../../../../BitCloud/lib/libHAL_ZigBit_Atmega1281_8Mhz_Gcc.a(halSleep.o)
                0x00003da0                halPowerOn
 .text.halPowerOff
                0x00003dfe       0xcc ./../../../../BitCloud/lib/libHAL_ZigBit_Atmega1281_8Mhz_Gcc.a(halSleep.o)
                0x00003dfe                halPowerOff
 .text.HAL_Sleep
                0x00003eca       0xe8 ./../../../../BitCloud/lib/libHAL_ZigBit_Atmega1281_8Mhz_Gcc.a(halSleep.o)
                0x00003eca                HAL_Sleep
 .text.halWakeupHandler
                0x00003fb2       0x5e ./../../../../BitCloud/lib/libHAL_ZigBit_Atmega1281_8Mhz_Gcc.a(halSleep.o)
                0x00003fb2                halWakeupHandler
 .text.halCalibrateInternalRc
                0x00004010       0xda ./../../../../BitCloud/lib/libHAL_ZigBit_Atmega1281_8Mhz_Gcc.a(calibration.o)
                0x00004010                halCalibrateInternalRc
 .text.HAL_CalibrateMainClock
                0x000040ea        0xe ./../../../../BitCloud/lib/libHAL_ZigBit_Atmega1281_8Mhz_Gcc.a(calibration.o)
                0x000040ea                HAL_CalibrateMainClock
 .text.halStartingCalibrate
                0x000040f8       0x1c ./../../../../BitCloud/lib/libHAL_ZigBit_Atmega1281_8Mhz_Gcc.a(calibration.o)
                0x000040f8                halStartingCalibrate
 .text.HAL_Delay
                0x00004114        0x6 ./../../../../BitCloud/lib/libHAL_ZigBit_Atmega1281_8Mhz_Gcc.a(halRfCtrl.o)
                0x00004114                HAL_Delay
 .text.HAL_ClearRfIrqFlag
                0x0000411a        0x6 ./../../../../BitCloud/lib/libHAL_ZigBit_Atmega1281_8Mhz_Gcc.a(halRfCtrl.o)
                0x0000411a                HAL_ClearRfIrqFlag
 .text.HAL_EnableRfIrq
                0x00004120        0x4 ./../../../../BitCloud/lib/libHAL_ZigBit_Atmega1281_8Mhz_Gcc.a(halRfCtrl.o)
                0x00004120                HAL_EnableRfIrq
 .text.HAL_DisableRfIrq
                0x00004124        0x8 ./../../../../BitCloud/lib/libHAL_ZigBit_Atmega1281_8Mhz_Gcc.a(halRfCtrl.o)
                0x00004124                HAL_DisableRfIrq
 .text.HAL_SetRfSlpTr
                0x0000412c        0x4 ./../../../../BitCloud/lib/libHAL_ZigBit_Atmega1281_8Mhz_Gcc.a(halRfCtrl.o)
                0x0000412c                HAL_SetRfSlpTr
 .text.HAL_ClearRfSlpTr
                0x00004130        0x4 ./../../../../BitCloud/lib/libHAL_ZigBit_Atmega1281_8Mhz_Gcc.a(halRfCtrl.o)
                0x00004130                HAL_ClearRfSlpTr
 .text.HAL_SetRfRst
                0x00004134        0x4 ./../../../../BitCloud/lib/libHAL_ZigBit_Atmega1281_8Mhz_Gcc.a(halRfCtrl.o)
                0x00004134                HAL_SetRfRst
 .text.HAL_ClearRfRst
                0x00004138        0x4 ./../../../../BitCloud/lib/libHAL_ZigBit_Atmega1281_8Mhz_Gcc.a(halRfCtrl.o)
                0x00004138                HAL_ClearRfRst
 .text.HAL_InitRfPins
                0x0000413c        0xe ./../../../../BitCloud/lib/libHAL_ZigBit_Atmega1281_8Mhz_Gcc.a(halRfCtrl.o)
                0x0000413c                HAL_InitRfPins
 .text.HAL_InitRfIrq
                0x0000414a        0xc ./../../../../BitCloud/lib/libHAL_ZigBit_Atmega1281_8Mhz_Gcc.a(halRfCtrl.o)
                0x0000414a                HAL_InitRfIrq
 .text.HAL_GetRfFreq
                0x00004156        0x4 ./../../../../BitCloud/lib/libHAL_ZigBit_Atmega1281_8Mhz_Gcc.a(halRfCtrl.o)
                0x00004156                HAL_GetRfFreq
 .text.halWaitRadio
                0x0000415a       0x22 ./../../../../BitCloud/lib/libHAL_ZigBit_Atmega1281_8Mhz_Gcc.a(halRfCtrl.o)
                0x0000415a                halWaitRadio
 .text.HAL_EnableRxTxSwitcher
                0x0000417c        0x2 ./../../../../BitCloud/lib/libHAL_ZigBit_Atmega1281_8Mhz_Gcc.a(halRfCtrl.o)
                0x0000417c                HAL_EnableRxTxSwitcher
 .text.HAL_InitAntennaDiversity
                0x0000417e        0x2 ./../../../../BitCloud/lib/libHAL_ZigBit_Atmega1281_8Mhz_Gcc.a(halRfCtrl.o)
                0x0000417e                HAL_InitAntennaDiversity
 .text.HAL_EnableRxAntennaDiversity
                0x00004180        0x2 ./../../../../BitCloud/lib/libHAL_ZigBit_Atmega1281_8Mhz_Gcc.a(halRfCtrl.o)
                0x00004180                HAL_EnableRxAntennaDiversity
 .text.HAL_EnableTxAntennaDiversity
                0x00004182        0x2 ./../../../../BitCloud/lib/libHAL_ZigBit_Atmega1281_8Mhz_Gcc.a(halRfCtrl.o)
                0x00004182                HAL_EnableTxAntennaDiversity
 .text.HAL_TaskHandler
                0x00004184      0x176 ./../../../../BitCloud/lib/libHAL_ZigBit_Atmega1281_8Mhz_Gcc.a(halTaskManager.o)
                0x00004184                HAL_TaskHandler
 .text.halSigAdcHandler
                0x000042fa       0x16 ./../../../../BitCloud/lib/libHAL_ZigBit_Atmega1281_8Mhz_Gcc.a(adc.o)
                0x000042fa                halSigAdcHandler
 .text.HAL_StartSystemSleep
                0x00004310       0x7a ./../../../../BitCloud/lib/libHAL_ZigBit_Atmega1281_8Mhz_Gcc.a(sleep.o)
                0x00004310                HAL_StartSystemSleep
 .text.halInitFreq
                0x0000438a       0x52 ./../../../../BitCloud/lib/libHAL_ZigBit_Atmega1281_8Mhz_Gcc.a(halClkCtrl.o)
                0x0000438a                halInitFreq
 .text.halGetClockSource
                0x000043dc        0x6 ./../../../../BitCloud/lib/libHAL_ZigBit_Atmega1281_8Mhz_Gcc.a(halClkCtrl.o)
                0x000043dc                halGetClockSource
 .text.__vector_29
                0x000043e2       0xcc ./../../../../BitCloud/lib/libHAL_ZigBit_Atmega1281_8Mhz_Gcc.a(halAdc.o)
                0x000043e2                __vector_29
 .text.HAL_InitRfSpi
                0x000044ae       0x16 ./../../../../BitCloud/lib/libHAL_ZigBit_Atmega1281_8Mhz_Gcc.a(halRfSpi.o)
                0x000044ae                HAL_InitRfSpi
 .text.HAL_WriteByteRfSpi
                0x000044c4       0x2a ./../../../../BitCloud/lib/libHAL_ZigBit_Atmega1281_8Mhz_Gcc.a(halRfSpi.o)
                0x000044c4                HAL_WriteByteRfSpi
 .text.HAL_DeselectRfSpi
                0x000044ee        0x4 ./../../../../BitCloud/lib/libHAL_ZigBit_Atmega1281_8Mhz_Gcc.a(halRfSpi.o)
                0x000044ee                HAL_DeselectRfSpi
 .text.HAL_SelectRfSpi
                0x000044f2        0x4 ./../../../../BitCloud/lib/libHAL_ZigBit_Atmega1281_8Mhz_Gcc.a(halRfSpi.o)
                0x000044f2                HAL_SelectRfSpi
 .text.HAL_StartSleepTimer
                0x000044f6       0x72 ./../../../../BitCloud/lib/libHAL_ZigBit_Atmega1281_8Mhz_Gcc.a(sleepTimer.o)
                0x000044f6                HAL_StartSleepTimer
 .text.halAsyncTimerHandler
                0x00004568       0x52 ./../../../../BitCloud/lib/libHAL_ZigBit_Atmega1281_8Mhz_Gcc.a(sleepTimer.o)
                0x00004568                halAsyncTimerHandler
 .text.nwkBroadcastForMe
                0x000045ba       0x60 ./../../../../BitCloud/lib/libBc_All_Sec_Atmega1281_Rf212_Gcc.a(nwk.o)
 .text.nwkAddressConflictIsIdle
                0x0000461a        0xe ./../../../../BitCloud/lib/libBc_All_Sec_Atmega1281_Rf212_Gcc.a(nwk.o)
 .text.nwkFindAddressMapEntryByShortAddr
                0x00004628       0x30 ./../../../../BitCloud/lib/libBc_All_Sec_Atmega1281_Rf212_Gcc.a(nwk.o)
 .text.nwkDataReqIsIdle
                0x00004658        0xe ./../../../../BitCloud/lib/libBc_All_Sec_Atmega1281_Rf212_Gcc.a(nwk.o)
 .text.nwkDiscoveryIsIdle
                0x00004666        0xe ./../../../../BitCloud/lib/libBc_All_Sec_Atmega1281_Rf212_Gcc.a(nwk.o)
 .text.nwkEDScanIsIdle
                0x00004674        0xe ./../../../../BitCloud/lib/libBc_All_Sec_Atmega1281_Rf212_Gcc.a(nwk.o)
 .text.nwkFormationIsIdle
                0x00004682        0xe ./../../../../BitCloud/lib/libBc_All_Sec_Atmega1281_Rf212_Gcc.a(nwk.o)
 .text.nwkParseHeader
                0x00004690       0xce ./../../../../BitCloud/lib/libBc_All_Sec_Atmega1281_Rf212_Gcc.a(nwk.o)
 .text.nwkSetDepth
                0x0000475e        0xc ./../../../../BitCloud/lib/libBc_All_Sec_Atmega1281_Rf212_Gcc.a(nwk.o)
 .text.nwkJoinIndIsIdle
                0x0000476a       0x30 ./../../../../BitCloud/lib/libBc_All_Sec_Atmega1281_Rf212_Gcc.a(nwk.o)
 .text.nwkJoinReqIsIdle
                0x0000479a        0xe ./../../../../BitCloud/lib/libBc_All_Sec_Atmega1281_Rf212_Gcc.a(nwk.o)
 .text.nwkLeaveReqIsIdle
                0x000047a8        0xe ./../../../../BitCloud/lib/libBc_All_Sec_Atmega1281_Rf212_Gcc.a(nwk.o)
 .text.nwkLinkStatusIsIdle
                0x000047b6        0xe ./../../../../BitCloud/lib/libBc_All_Sec_Atmega1281_Rf212_Gcc.a(nwk.o)
 .text.nwkLoopbackIsIdle
                0x000047c4        0xe ./../../../../BitCloud/lib/libBc_All_Sec_Atmega1281_Rf212_Gcc.a(nwk.o)
 .text.nwkGetOutgoingCost
                0x000047d2       0x44 ./../../../../BitCloud/lib/libBc_All_Sec_Atmega1281_Rf212_Gcc.a(nwk.o)
 .text.nwkClearNeighborTable
                0x00004816       0x72 ./../../../../BitCloud/lib/libBc_All_Sec_Atmega1281_Rf212_Gcc.a(nwk.o)
 .text.nwkGetEdCapacity
                0x00004888       0x1c ./../../../../BitCloud/lib/libBc_All_Sec_Atmega1281_Rf212_Gcc.a(nwk.o)
 .text.nwkGetRouterCapacity
                0x000048a4       0x1c ./../../../../BitCloud/lib/libBc_All_Sec_Atmega1281_Rf212_Gcc.a(nwk.o)
 .text.nwkIsJoiningForbidden
                0x000048c0       0x3e ./../../../../BitCloud/lib/libBc_All_Sec_Atmega1281_Rf212_Gcc.a(nwk.o)
 .text.nwkUpdateCapacityBits
                0x000048fe       0x56 ./../../../../BitCloud/lib/libBc_All_Sec_Atmega1281_Rf212_Gcc.a(nwk.o)
 .text.nwkUpdateCapacityBitsInBeacon
                0x00004954       0x3c ./../../../../BitCloud/lib/libBc_All_Sec_Atmega1281_Rf212_Gcc.a(nwk.o)
 .text.nwkUpdateBeaconPayload
                0x00004990       0x94 ./../../../../BitCloud/lib/libBc_All_Sec_Atmega1281_Rf212_Gcc.a(nwk.o)
 .text.nwkFreeNeighbor
                0x00004a24       0x26 ./../../../../BitCloud/lib/libBc_All_Sec_Atmega1281_Rf212_Gcc.a(nwk.o)
 .text.nwkCostFromLqi
                0x00004a4a       0x3a ./../../../../BitCloud/lib/libBc_All_Sec_Atmega1281_Rf212_Gcc.a(nwk.o)
 .text.nwkInitLqiAndCostOfNeighbor
                0x00004a84       0x70 ./../../../../BitCloud/lib/libBc_All_Sec_Atmega1281_Rf212_Gcc.a(nwk.o)
 .text.nwkUpdateLqiAndCostOfNeighbor
                0x00004af4       0x88 ./../../../../BitCloud/lib/libBc_All_Sec_Atmega1281_Rf212_Gcc.a(nwk.o)
 .text.nwkFindPassiveAck
                0x00004b7c       0x2a ./../../../../BitCloud/lib/libBc_All_Sec_Atmega1281_Rf212_Gcc.a(nwk.o)
 .text.nwkNewPassiveAck
                0x00004ba6       0xfa ./../../../../BitCloud/lib/libBc_All_Sec_Atmega1281_Rf212_Gcc.a(nwk.o)
 .text.nwkFreePassiveAck
                0x00004ca0       0x2e ./../../../../BitCloud/lib/libBc_All_Sec_Atmega1281_Rf212_Gcc.a(nwk.o)
 .text.nwkPermitJoiningIsIdle
                0x00004cce       0x1c ./../../../../BitCloud/lib/libBc_All_Sec_Atmega1281_Rf212_Gcc.a(nwk.o)
 .text.nwkResetIsIdle
                0x00004cea        0xe ./../../../../BitCloud/lib/libBc_All_Sec_Atmega1281_Rf212_Gcc.a(nwk.o)
 .text.nwkRouteDiscoveryIsIdle
                0x00004cf8       0x14 ./../../../../BitCloud/lib/libBc_All_Sec_Atmega1281_Rf212_Gcc.a(nwk.o)
 .text.nwkFindRouteDiscoveryEntry
                0x00004d0c       0x36 ./../../../../BitCloud/lib/libBc_All_Sec_Atmega1281_Rf212_Gcc.a(nwk.o)
 .text.nwkFreeRouteDiscoveryEntry
                0x00004d42       0x3a ./../../../../BitCloud/lib/libBc_All_Sec_Atmega1281_Rf212_Gcc.a(nwk.o)
 .text.nwkConfirmRouteRequestTx
                0x00004d7c       0x60 ./../../../../BitCloud/lib/libBc_All_Sec_Atmega1281_Rf212_Gcc.a(nwk.o)
 .text.nwkRouteDiscoveryTableIsIdle
                0x00004ddc        0xc ./../../../../BitCloud/lib/libBc_All_Sec_Atmega1281_Rf212_Gcc.a(nwk.o)
 .text.nwkFindRoutingEntry
                0x00004de8       0x40 ./../../../../BitCloud/lib/libBc_All_Sec_Atmega1281_Rf212_Gcc.a(nwk.o)
 .text.nwkFreeRoutingEntry
                0x00004e28       0x12 ./../../../../BitCloud/lib/libBc_All_Sec_Atmega1281_Rf212_Gcc.a(nwk.o)
 .text.nwkDeleteRoute
                0x00004e3a       0x48 ./../../../../BitCloud/lib/libBc_All_Sec_Atmega1281_Rf212_Gcc.a(nwk.o)
 .text.nwkUpdateNextHop
                0x00004e82       0xc8 ./../../../../BitCloud/lib/libBc_All_Sec_Atmega1281_Rf212_Gcc.a(nwk.o)
 .text.nwkExtractSecOutCounter
                0x00004f4a       0x3e ./../../../../BitCloud/lib/libBc_All_Sec_Atmega1281_Rf212_Gcc.a(nwk.o)
 .text.nwkResetOutFrameCounter
                0x00004f88       0x3c ./../../../../BitCloud/lib/libBc_All_Sec_Atmega1281_Rf212_Gcc.a(nwk.o)
 .text.nwkFindKey
                0x00004fc4       0x2a ./../../../../BitCloud/lib/libBc_All_Sec_Atmega1281_Rf212_Gcc.a(nwk.o)
 .text.nwkStartRouterIsIdle
                0x00004fee        0xe ./../../../../BitCloud/lib/libBc_All_Sec_Atmega1281_Rf212_Gcc.a(nwk.o)
 .text.nwkSendRouteErrorConf
                0x00004ffc        0x6 ./../../../../BitCloud/lib/libBc_All_Sec_Atmega1281_Rf212_Gcc.a(nwk.o)
 .text.nwkSyncIsIdle
                0x00005002        0xe ./../../../../BitCloud/lib/libBc_All_Sec_Atmega1281_Rf212_Gcc.a(nwk.o)
 .text.nwkPostTask
                0x00005010       0x58 ./../../../../BitCloud/lib/libBc_All_Sec_Atmega1281_Rf212_Gcc.a(nwk.o)
 .text.nwkEDScanMacEDScanConf
                0x00005068       0x3e ./../../../../BitCloud/lib/libBc_All_Sec_Atmega1281_Rf212_Gcc.a(nwk.o)
 .text.nwkFormationMacRxEnableConf
                0x000050a6       0x1c ./../../../../BitCloud/lib/libBc_All_Sec_Atmega1281_Rf212_Gcc.a(nwk.o)
 .text.nwkDiscoveryMacActiveScanConf
                0x000050c2       0x28 ./../../../../BitCloud/lib/libBc_All_Sec_Atmega1281_Rf212_Gcc.a(nwk.o)
 .text.nwkPermitJoiningMacSetConf
                0x000050ea       0x34 ./../../../../BitCloud/lib/libBc_All_Sec_Atmega1281_Rf212_Gcc.a(nwk.o)
 .text.nwkStartRouterMacStartConf
                0x0000511e       0x1c ./../../../../BitCloud/lib/libBc_All_Sec_Atmega1281_Rf212_Gcc.a(nwk.o)
 .text.nwkStatusConf
                0x0000513a        0xe ./../../../../BitCloud/lib/libBc_All_Sec_Atmega1281_Rf212_Gcc.a(nwk.o)
 .text.nwkResetMacRxEnableConf
                0x00005148       0x1c ./../../../../BitCloud/lib/libBc_All_Sec_Atmega1281_Rf212_Gcc.a(nwk.o)
 .text.nwkSendRouteDiscoveryReply
                0x00005164       0x1e ./../../../../BitCloud/lib/libBc_All_Sec_Atmega1281_Rf212_Gcc.a(nwk.o)
 .text.nwkTxDelayIsIdle
                0x00005182       0x14 ./../../../../BitCloud/lib/libBc_All_Sec_Atmega1281_Rf212_Gcc.a(nwk.o)
 .text.nwkReloadNibFromConfigServer
                0x00005196       0x6c ./../../../../BitCloud/lib/libBc_All_Sec_Atmega1281_Rf212_Gcc.a(nwk.o)
 .text.nwkSetLifeTimeOfNeighbor
                0x00005202      0x112 ./../../../../BitCloud/lib/libBc_All_Sec_Atmega1281_Rf212_Gcc.a(nwk.o)
 .text.nwkUpdateOutgoingCostAndLifeTime
                0x00005314       0x4a ./../../../../BitCloud/lib/libBc_All_Sec_Atmega1281_Rf212_Gcc.a(nwk.o)
 .text.nwkAllocPacket
                0x0000535e       0xd2 ./../../../../BitCloud/lib/libBc_All_Sec_Atmega1281_Rf212_Gcc.a(nwk.o)
 .text.nwkAllocInputPacket
                0x00005430       0x2c ./../../../../BitCloud/lib/libBc_All_Sec_Atmega1281_Rf212_Gcc.a(nwk.o)
 .text.nwkAllocDataReqTaskHandler
                0x0000545c       0x5e ./../../../../BitCloud/lib/libBc_All_Sec_Atmega1281_Rf212_Gcc.a(nwk.o)
 .text.nwkLoopbackTaskHandler
                0x000054ba      0x11e ./../../../../BitCloud/lib/libBc_All_Sec_Atmega1281_Rf212_Gcc.a(nwk.o)
 .text.nwkEDScanTaskHandler
                0x000055d8       0xac ./../../../../BitCloud/lib/libBc_All_Sec_Atmega1281_Rf212_Gcc.a(nwk.o)
 .text.nwkDiscoveryTaskHandler
                0x00005684       0xba ./../../../../BitCloud/lib/libBc_All_Sec_Atmega1281_Rf212_Gcc.a(nwk.o)
 .text.nwkTxReq
                0x0000573e       0x12 ./../../../../BitCloud/lib/libBc_All_Sec_Atmega1281_Rf212_Gcc.a(nwk.o)
 .text.nwkDataConf
                0x00005750       0x4c ./../../../../BitCloud/lib/libBc_All_Sec_Atmega1281_Rf212_Gcc.a(nwk.o)
 .text.nwkConfirmDataTx
                0x0000579c       0x3a ./../../../../BitCloud/lib/libBc_All_Sec_Atmega1281_Rf212_Gcc.a(nwk.o)
 .text.findFreeJoinIndObjFor
                0x000057d6       0xd6 ./../../../../BitCloud/lib/libBc_All_Sec_Atmega1281_Rf212_Gcc.a(nwk.o)
 .text.nwkFindAddressMapEntryByExtAddr
                0x000058ac       0x52 ./../../../../BitCloud/lib/libBc_All_Sec_Atmega1281_Rf212_Gcc.a(nwk.o)
 .text.nwkAddToAddressMap
                0x000058fe       0xc2 ./../../../../BitCloud/lib/libBc_All_Sec_Atmega1281_Rf212_Gcc.a(nwk.o)
 .text.nwkStopLinkStatusTimer
                0x000059c0        0xe ./../../../../BitCloud/lib/libBc_All_Sec_Atmega1281_Rf212_Gcc.a(nwk.o)
 .text.nwkRouteDiscoveryTableTimerFired
                0x000059ce       0x56 ./../../../../BitCloud/lib/libBc_All_Sec_Atmega1281_Rf212_Gcc.a(nwk.o)
 .text.nwkStopAgeTimerOfNeighborTable
                0x00005a24        0xa ./../../../../BitCloud/lib/libBc_All_Sec_Atmega1281_Rf212_Gcc.a(nwk.o)
 .text.SYS_GetRandomNumber
                0x00005a2e       0x2a ./../../../../BitCloud/lib/libBc_All_Sec_Atmega1281_Rf212_Gcc.a(nwk.o)
 .text.nwkFindDeviceToJoin
                0x00005a58      0x1cc ./../../../../BitCloud/lib/libBc_All_Sec_Atmega1281_Rf212_Gcc.a(nwk.o)
 .text.nwkStartLinkStatusTimer
                0x00005c24       0x10 ./../../../../BitCloud/lib/libBc_All_Sec_Atmega1281_Rf212_Gcc.a(nwk.o)
 .text.nwkConfirmLinkStatusTx
                0x00005c34       0x1e ./../../../../BitCloud/lib/libBc_All_Sec_Atmega1281_Rf212_Gcc.a(nwk.o)
 .text.nwkStartAgeTimerOfNeighborTable
                0x00005c52       0x32 ./../../../../BitCloud/lib/libBc_All_Sec_Atmega1281_Rf212_Gcc.a(nwk.o)
 .text.freeJoinIndObj
                0x00005c84        0xe ./../../../../BitCloud/lib/libBc_All_Sec_Atmega1281_Rf212_Gcc.a(nwk.o)
 .text.nwkJoinIndTaskHandler
                0x00005c92      0x108 ./../../../../BitCloud/lib/libBc_All_Sec_Atmega1281_Rf212_Gcc.a(nwk.o)
 .text.nwkPrepareCommonFrame
                0x00005d9a       0x50 ./../../../../BitCloud/lib/libBc_All_Sec_Atmega1281_Rf212_Gcc.a(nwk.o)
 .text.nwkAllocRouteDiscoveryEntry
                0x00005dea       0xac ./../../../../BitCloud/lib/libBc_All_Sec_Atmega1281_Rf212_Gcc.a(nwk.o)
 .text.nwkRouteDiscoveryTaskHandler
                0x00005e96       0xd4 ./../../../../BitCloud/lib/libBc_All_Sec_Atmega1281_Rf212_Gcc.a(nwk.o)
 .text.nwkResetTaskManager
                0x00005f6a       0x10 ./../../../../BitCloud/lib/libBc_All_Sec_Atmega1281_Rf212_Gcc.a(nwk.o)
 .text.nwkLinkStatusInd
                0x00005f7a      0x23a ./../../../../BitCloud/lib/libBc_All_Sec_Atmega1281_Rf212_Gcc.a(nwk.o)
 .text.nwkPrepareLeaveChildTx
                0x000061b4       0xb2 ./../../../../BitCloud/lib/libBc_All_Sec_Atmega1281_Rf212_Gcc.a(nwk.o)
 .text.nwkPrepareLeaveItselfTx
                0x00006266       0x90 ./../../../../BitCloud/lib/libBc_All_Sec_Atmega1281_Rf212_Gcc.a(nwk.o)
 .text.nwkPrepareJoinRespTx
                0x000062f6       0xf0 ./../../../../BitCloud/lib/libBc_All_Sec_Atmega1281_Rf212_Gcc.a(nwk.o)
 .text.nwkPrepareJoinReqTx
                0x000063e6       0x94 ./../../../../BitCloud/lib/libBc_All_Sec_Atmega1281_Rf212_Gcc.a(nwk.o)
 .text.nwkPrepareLinkStatusTx
                0x0000647a      0x1e2 ./../../../../BitCloud/lib/libBc_All_Sec_Atmega1281_Rf212_Gcc.a(nwk.o)
 .text.nwkFormationMacActiveScanConf
                0x0000665c      0x25a ./../../../../BitCloud/lib/libBc_All_Sec_Atmega1281_Rf212_Gcc.a(nwk.o)
 .text.nwkPermitJoiningTaskHandler
                0x000068b6       0xe4 ./../../../../BitCloud/lib/libBc_All_Sec_Atmega1281_Rf212_Gcc.a(nwk.o)
 .text.nwkPermitJoinTimerFired
                0x0000699a       0x26 ./../../../../BitCloud/lib/libBc_All_Sec_Atmega1281_Rf212_Gcc.a(nwk.o)
 .text.nwkGetSuitableParent
                0x000069c0       0x80 ./../../../../BitCloud/lib/libBc_All_Sec_Atmega1281_Rf212_Gcc.a(nwk.o)
 .text.nwkConfirmJoinReqTx
                0x00006a40       0x62 ./../../../../BitCloud/lib/libBc_All_Sec_Atmega1281_Rf212_Gcc.a(nwk.o)
 .text.macLatencyFired
                0x00006aa2        0x6 ./../../../../BitCloud/lib/libBc_All_Sec_Atmega1281_Rf212_Gcc.a(nwk.o)
 .text.nwkRejoinResponseFrameInd
                0x00006aa8      0x14e ./../../../../BitCloud/lib/libBc_All_Sec_Atmega1281_Rf212_Gcc.a(nwk.o)
 .text.nwkAssociate
                0x00006bf6       0x9e ./../../../../BitCloud/lib/libBc_All_Sec_Atmega1281_Rf212_Gcc.a(nwk.o)
 .text.MAC_AssociateConf
                0x00006c94       0xf6 ./../../../../BitCloud/lib/libBc_All_Sec_Atmega1281_Rf212_Gcc.a(nwk.o)
 .text.nwkFormationMacStartConf
                0x00006d8a       0x48 ./../../../../BitCloud/lib/libBc_All_Sec_Atmega1281_Rf212_Gcc.a(nwk.o)
 .text.nwkResetMacStartConf
                0x00006dd2       0x50 ./../../../../BitCloud/lib/libBc_All_Sec_Atmega1281_Rf212_Gcc.a(nwk.o)
 .text.NWK_JoinConf
                0x00006e22       0x48 ./../../../../BitCloud/lib/libBc_All_Sec_Atmega1281_Rf212_Gcc.a(nwk.o)
 .text.nwkJoinReqMacSetConf
                0x00006e6a      0x1d2 ./../../../../BitCloud/lib/libBc_All_Sec_Atmega1281_Rf212_Gcc.a(nwk.o)
 .text.nwkFormationTaskHandler
                0x0000703c      0x160 ./../../../../BitCloud/lib/libBc_All_Sec_Atmega1281_Rf212_Gcc.a(nwk.o)
 .text.nwkFormationMacEDScanConf
                0x0000719c       0xfc ./../../../../BitCloud/lib/libBc_All_Sec_Atmega1281_Rf212_Gcc.a(nwk.o)
 .text.nwkResetRouteDiscoveryTable
                0x00007298       0xb2 ./../../../../BitCloud/lib/libBc_All_Sec_Atmega1281_Rf212_Gcc.a(nwk.o)
 .text.nwkResetNeighborTable
                0x0000734a       0x88 ./../../../../BitCloud/lib/libBc_All_Sec_Atmega1281_Rf212_Gcc.a(nwk.o)
 .text.nwkFormationMacSetConf
                0x000073d2      0x150 ./../../../../BitCloud/lib/libBc_All_Sec_Atmega1281_Rf212_Gcc.a(nwk.o)
 .text.nwkStartRouterTaskHandler
                0x00007522       0xd2 ./../../../../BitCloud/lib/libBc_All_Sec_Atmega1281_Rf212_Gcc.a(nwk.o)
 .text.nwkConfirmLeaveItselfTx
                0x000075f4       0x42 ./../../../../BitCloud/lib/libBc_All_Sec_Atmega1281_Rf212_Gcc.a(nwk.o)
 .text.nwkResetTaskHandler
                0x00007636       0x6a ./../../../../BitCloud/lib/libBc_All_Sec_Atmega1281_Rf212_Gcc.a(nwk.o)
 .text.nwkSyncTaskHandler
                0x000076a0       0xa8 ./../../../../BitCloud/lib/libBc_All_Sec_Atmega1281_Rf212_Gcc.a(nwk.o)
 .text.nwkSyncMacPollConf
                0x00007748       0x5e ./../../../../BitCloud/lib/libBc_All_Sec_Atmega1281_Rf212_Gcc.a(nwk.o)
 .text.responseWaitTimerFired
                0x000077a6       0x50 ./../../../../BitCloud/lib/libBc_All_Sec_Atmega1281_Rf212_Gcc.a(nwk.o)
 .text.nwkCheckBTT
                0x000077f6       0x22 ./../../../../BitCloud/lib/libBc_All_Sec_Atmega1281_Rf212_Gcc.a(nwk.o)
 .text.nwkCommandInd
                0x00007818       0x80 ./../../../../BitCloud/lib/libBc_All_Sec_Atmega1281_Rf212_Gcc.a(nwk.o)
 .text.nwkIsPassiveAckDone.clone.3
                0x00007898       0x70 ./../../../../BitCloud/lib/libBc_All_Sec_Atmega1281_Rf212_Gcc.a(nwk.o)
 .text.nwkTxDelayReq
                0x00007908      0x1bc ./../../../../BitCloud/lib/libBc_All_Sec_Atmega1281_Rf212_Gcc.a(nwk.o)
 .text.nwkAllocOutputPacket.clone.18
                0x00007ac4       0x4e ./../../../../BitCloud/lib/libBc_All_Sec_Atmega1281_Rf212_Gcc.a(nwk.o)
 .text.nwkTryToProcessCommandReq
                0x00007b12       0x2c ./../../../../BitCloud/lib/libBc_All_Sec_Atmega1281_Rf212_Gcc.a(nwk.o)
 .text.nwkCommandReq
                0x00007b3e       0x14 ./../../../../BitCloud/lib/libBc_All_Sec_Atmega1281_Rf212_Gcc.a(nwk.o)
 .text.nwkConfirmNetworkStatusTx
                0x00007b52       0x68 ./../../../../BitCloud/lib/libBc_All_Sec_Atmega1281_Rf212_Gcc.a(nwk.o)
 .text.nwkStatusReq
                0x00007bba       0x44 ./../../../../BitCloud/lib/libBc_All_Sec_Atmega1281_Rf212_Gcc.a(nwk.o)
 .text.nwkAddressConflictMacSetConf
                0x00007bfe       0x9a ./../../../../BitCloud/lib/libBc_All_Sec_Atmega1281_Rf212_Gcc.a(nwk.o)
 .text.nwkSendRouteErrorStatus.clone.16
                0x00007c98       0x3c ./../../../../BitCloud/lib/libBc_All_Sec_Atmega1281_Rf212_Gcc.a(nwk.o)
 .text.nwkLinkStatusTimerFired
                0x00007cd4       0x1c ./../../../../BitCloud/lib/libBc_All_Sec_Atmega1281_Rf212_Gcc.a(nwk.o)
 .text.nwkRejoinCmdPrepareAndSend
                0x00007cf0       0x30 ./../../../../BitCloud/lib/libBc_All_Sec_Atmega1281_Rf212_Gcc.a(nwk.o)
 .text.nwkJoinReqMacRxEnableConf
                0x00007d20       0x72 ./../../../../BitCloud/lib/libBc_All_Sec_Atmega1281_Rf212_Gcc.a(nwk.o)
 .text.nwkJoinReqMacGetConf
                0x00007d92       0x3e ./../../../../BitCloud/lib/libBc_All_Sec_Atmega1281_Rf212_Gcc.a(nwk.o)
 .text.nwkRemoveAllChildren.clone.17
                0x00007dd0       0xd6 ./../../../../BitCloud/lib/libBc_All_Sec_Atmega1281_Rf212_Gcc.a(nwk.o)
 .text.nwkFreePacket
                0x00007ea6       0x60 ./../../../../BitCloud/lib/libBc_All_Sec_Atmega1281_Rf212_Gcc.a(nwk.o)
 .text.nwkFreeInputPacket
                0x00007f06        0xa ./../../../../BitCloud/lib/libBc_All_Sec_Atmega1281_Rf212_Gcc.a(nwk.o)
 .text.nwkDecryptInputPacket
                0x00007f10       0xe0 ./../../../../BitCloud/lib/libBc_All_Sec_Atmega1281_Rf212_Gcc.a(nwk.o)
 .text.nwkTxConf
                0x00007ff0      0x1c8 ./../../../../BitCloud/lib/libBc_All_Sec_Atmega1281_Rf212_Gcc.a(nwk.o)
 .text.nwkDecryptOutputPacketConf
                0x000081b8       0x2a ./../../../../BitCloud/lib/libBc_All_Sec_Atmega1281_Rf212_Gcc.a(nwk.o)
 .text.NWK_GetShortAddr
                0x000081e2        0xa ./../../../../BitCloud/lib/libBc_All_Sec_Atmega1281_Rf212_Gcc.a(nwk.o)
                0x000081e2                NWK_GetShortAddr
 .text.NWK_IsStaticAddressingMode
                0x000081ec        0x6 ./../../../../BitCloud/lib/libBc_All_Sec_Atmega1281_Rf212_Gcc.a(nwk.o)
                0x000081ec                NWK_IsStaticAddressingMode
 .text.NWK_RemoveFromAddressMap
                0x000081f2       0x12 ./../../../../BitCloud/lib/libBc_All_Sec_Atmega1281_Rf212_Gcc.a(nwk.o)
                0x000081f2                NWK_RemoveFromAddressMap
 .text.NWK_NetworkDiscoveryReq
                0x00008204       0x20 ./../../../../BitCloud/lib/libBc_All_Sec_Atmega1281_Rf212_Gcc.a(nwk.o)
                0x00008204                NWK_NetworkDiscoveryReq
 .text.MAC_BeaconNotifyInd
                0x00008224      0x478 ./../../../../BitCloud/lib/libBc_All_Sec_Atmega1281_Rf212_Gcc.a(nwk.o)
                0x00008224                MAC_BeaconNotifyInd
 .text.NWK_EDScanReq
                0x0000869c       0x20 ./../../../../BitCloud/lib/libBc_All_Sec_Atmega1281_Rf212_Gcc.a(nwk.o)
                0x0000869c                NWK_EDScanReq
 .text.NWK_NetworkFormationReq
                0x000086bc       0x20 ./../../../../BitCloud/lib/libBc_All_Sec_Atmega1281_Rf212_Gcc.a(nwk.o)
                0x000086bc                NWK_NetworkFormationReq
 .text.NWK_IsGroupMember
                0x000086dc       0x3c ./../../../../BitCloud/lib/libBc_All_Sec_Atmega1281_Rf212_Gcc.a(nwk.o)
                0x000086dc                NWK_IsGroupMember
 .text.nwkRetransmitInputPacket
                0x00008718      0x126 ./../../../../BitCloud/lib/libBc_All_Sec_Atmega1281_Rf212_Gcc.a(nwk.o)
 .text.NWK_DataResp
                0x0000883e       0x16 ./../../../../BitCloud/lib/libBc_All_Sec_Atmega1281_Rf212_Gcc.a(nwk.o)
                0x0000883e                NWK_DataResp
 .text.nwkRxIndication
                0x00008854      0x168 ./../../../../BitCloud/lib/libBc_All_Sec_Atmega1281_Rf212_Gcc.a(nwk.o)
 .text.NWK_ResetGroups
                0x000089bc       0x5e ./../../../../BitCloud/lib/libBc_All_Sec_Atmega1281_Rf212_Gcc.a(nwk.o)
                0x000089bc                NWK_ResetGroups
 .text.NWK_GetParentShortAddr
                0x00008a1a        0xa ./../../../../BitCloud/lib/libBc_All_Sec_Atmega1281_Rf212_Gcc.a(nwk.o)
                0x00008a1a                NWK_GetParentShortAddr
 .text.NWK_GetPanId
                0x00008a24        0xa ./../../../../BitCloud/lib/libBc_All_Sec_Atmega1281_Rf212_Gcc.a(nwk.o)
                0x00008a24                NWK_GetPanId
 .text.NWK_GetExtPanId
                0x00008a2e       0x22 ./../../../../BitCloud/lib/libBc_All_Sec_Atmega1281_Rf212_Gcc.a(nwk.o)
                0x00008a2e                NWK_GetExtPanId
 .text.NWK_SetExtPanId
                0x00008a50       0x34 ./../../../../BitCloud/lib/libBc_All_Sec_Atmega1281_Rf212_Gcc.a(nwk.o)
                0x00008a50                NWK_SetExtPanId
 .text.NWK_GetDeviceType
                0x00008a84        0x6 ./../../../../BitCloud/lib/libBc_All_Sec_Atmega1281_Rf212_Gcc.a(nwk.o)
                0x00008a84                NWK_GetDeviceType
 .text.NWK_GetLogicalChannel
                0x00008a8a        0x6 ./../../../../BitCloud/lib/libBc_All_Sec_Atmega1281_Rf212_Gcc.a(nwk.o)
                0x00008a8a                NWK_GetLogicalChannel
 .text.NWK_SetLogicalChannel
                0x00008a90        0x6 ./../../../../BitCloud/lib/libBc_All_Sec_Atmega1281_Rf212_Gcc.a(nwk.o)
                0x00008a90                NWK_SetLogicalChannel
 .text.NWK_GetBroadcastDeliveryTime
                0x00008a96       0x12 ./../../../../BitCloud/lib/libBc_All_Sec_Atmega1281_Rf212_Gcc.a(nwk.o)
                0x00008a96                NWK_GetBroadcastDeliveryTime
 .text.NWK_GetManagerAddr
                0x00008aa8        0xa ./../../../../BitCloud/lib/libBc_All_Sec_Atmega1281_Rf212_Gcc.a(nwk.o)
                0x00008aa8                NWK_GetManagerAddr
 .text.NWK_SetManagerAddr
                0x00008ab2        0xa ./../../../../BitCloud/lib/libBc_All_Sec_Atmega1281_Rf212_Gcc.a(nwk.o)
                0x00008ab2                NWK_SetManagerAddr
 .text.NWK_SetUpdateId
                0x00008abc        0xa ./../../../../BitCloud/lib/libBc_All_Sec_Atmega1281_Rf212_Gcc.a(nwk.o)
                0x00008abc                NWK_SetUpdateId
 .text.NWK_GetTransmitCouner
                0x00008ac6       0x14 ./../../../../BitCloud/lib/libBc_All_Sec_Atmega1281_Rf212_Gcc.a(nwk.o)
                0x00008ac6                NWK_GetTransmitCouner
 .text.NWK_GetTransmitFailureCounter
                0x00008ada       0x14 ./../../../../BitCloud/lib/libBc_All_Sec_Atmega1281_Rf212_Gcc.a(nwk.o)
                0x00008ada                NWK_GetTransmitFailureCounter
 .text.NWK_ResetTransmitCounters
                0x00008aee       0x12 ./../../../../BitCloud/lib/libBc_All_Sec_Atmega1281_Rf212_Gcc.a(nwk.o)
                0x00008aee                NWK_ResetTransmitCounters
 .text.NWK_JoinReq
                0x00008b00       0x20 ./../../../../BitCloud/lib/libBc_All_Sec_Atmega1281_Rf212_Gcc.a(nwk.o)
                0x00008b00                NWK_JoinReq
 .text.NWK_RemoveNeighbor
                0x00008b20       0x90 ./../../../../BitCloud/lib/libBc_All_Sec_Atmega1281_Rf212_Gcc.a(nwk.o)
                0x00008b20                NWK_RemoveNeighbor
 .text.neighborTimerFired
                0x00008bb0       0x90 ./../../../../BitCloud/lib/libBc_All_Sec_Atmega1281_Rf212_Gcc.a(nwk.o)
 .text.NWK_LeaveReq
                0x00008c40       0x20 ./../../../../BitCloud/lib/libBc_All_Sec_Atmega1281_Rf212_Gcc.a(nwk.o)
                0x00008c40                NWK_LeaveReq
 .text.NWK_LoopbackTxReq
                0x00008c60       0x20 ./../../../../BitCloud/lib/libBc_All_Sec_Atmega1281_Rf212_Gcc.a(nwk.o)
                0x00008c60                NWK_LoopbackTxReq
 .text.nwkDataConfTaskHandler
                0x00008c80       0x5a ./../../../../BitCloud/lib/libBc_All_Sec_Atmega1281_Rf212_Gcc.a(nwk.o)
 .text.NWK_FindNeighborByShortAddr
                0x00008cda       0x30 ./../../../../BitCloud/lib/libBc_All_Sec_Atmega1281_Rf212_Gcc.a(nwk.o)
                0x00008cda                NWK_FindNeighborByShortAddr
 .text.nwkAllocNonConflAddr
                0x00008d0a       0xc0 ./../../../../BitCloud/lib/libBc_All_Sec_Atmega1281_Rf212_Gcc.a(nwk.o)
 .text.NWK_NetworkDiscoveryConf
                0x00008dca       0xa2 ./../../../../BitCloud/lib/libBc_All_Sec_Atmega1281_Rf212_Gcc.a(nwk.o)
 .text.nwkJoinReqTaskHandler
                0x00008e6c      0x19a ./../../../../BitCloud/lib/libBc_All_Sec_Atmega1281_Rf212_Gcc.a(nwk.o)
 .text.nwkAllocateShortAddr.clone.11
                0x00009006       0x5a ./../../../../BitCloud/lib/libBc_All_Sec_Atmega1281_Rf212_Gcc.a(nwk.o)
 .text.nwkResolveAddressConflict
                0x00009060      0x298 ./../../../../BitCloud/lib/libBc_All_Sec_Atmega1281_Rf212_Gcc.a(nwk.o)
 .text.nwkAddressConflictTaskHandler
                0x000092f8       0xa0 ./../../../../BitCloud/lib/libBc_All_Sec_Atmega1281_Rf212_Gcc.a(nwk.o)
 .text.nwkStatusFrameInd
                0x00009398       0x46 ./../../../../BitCloud/lib/libBc_All_Sec_Atmega1281_Rf212_Gcc.a(nwk.o)
 .text.nwkAddChild
                0x000093de      0x31e ./../../../../BitCloud/lib/libBc_All_Sec_Atmega1281_Rf212_Gcc.a(nwk.o)
 .text.nwkRejoinRequestFrameInd
                0x000096fc      0x15c ./../../../../BitCloud/lib/libBc_All_Sec_Atmega1281_Rf212_Gcc.a(nwk.o)
 .text.MAC_AssociateInd
                0x00009858       0xd0 ./../../../../BitCloud/lib/libBc_All_Sec_Atmega1281_Rf212_Gcc.a(nwk.o)
                0x00009858                MAC_AssociateInd
 .text.nwkGetNextHop
                0x00009928      0x23a ./../../../../BitCloud/lib/libBc_All_Sec_Atmega1281_Rf212_Gcc.a(nwk.o)
 .text.nwkResetMacSetConf
                0x00009b62      0x1ca ./../../../../BitCloud/lib/libBc_All_Sec_Atmega1281_Rf212_Gcc.a(nwk.o)
 .text.nwkProcessRouteRequest
                0x00009d2c      0x232 ./../../../../BitCloud/lib/libBc_All_Sec_Atmega1281_Rf212_Gcc.a(nwk.o)
 .text.NWK_GetExtByShortAddress
                0x00009f5e       0x5c ./../../../../BitCloud/lib/libBc_All_Sec_Atmega1281_Rf212_Gcc.a(nwk.o)
                0x00009f5e                NWK_GetExtByShortAddress
 .text.nwkPrepareRouteRequestTx
                0x00009fba      0x164 ./../../../../BitCloud/lib/libBc_All_Sec_Atmega1281_Rf212_Gcc.a(nwk.o)
 .text.nwkPrepareNetworkStatusTx
                0x0000a11e      0x102 ./../../../../BitCloud/lib/libBc_All_Sec_Atmega1281_Rf212_Gcc.a(nwk.o)
 .text.nwkPrepareRouteReplyTx
                0x0000a220      0x2f8 ./../../../../BitCloud/lib/libBc_All_Sec_Atmega1281_Rf212_Gcc.a(nwk.o)
 .text.NWK_FindNeighborByExtAddr
                0x0000a518       0x68 ./../../../../BitCloud/lib/libBc_All_Sec_Atmega1281_Rf212_Gcc.a(nwk.o)
                0x0000a518                NWK_FindNeighborByExtAddr
 .text.nwkLeaveTaskHandler
                0x0000a580      0x16a ./../../../../BitCloud/lib/libBc_All_Sec_Atmega1281_Rf212_Gcc.a(nwk.o)
 .text.nwkConfirmLeaveChildTx
                0x0000a6ea       0x84 ./../../../../BitCloud/lib/libBc_All_Sec_Atmega1281_Rf212_Gcc.a(nwk.o)
 .text.nwkConfirmJoinRespTx
                0x0000a76e       0x4e ./../../../../BitCloud/lib/libBc_All_Sec_Atmega1281_Rf212_Gcc.a(nwk.o)
 .text.nwkConfirmAddrConflictJoinRespTx
                0x0000a7bc       0x3c ./../../../../BitCloud/lib/libBc_All_Sec_Atmega1281_Rf212_Gcc.a(nwk.o)
 .text.nwkLeaveFrameInd
                0x0000a7f8       0xe8 ./../../../../BitCloud/lib/libBc_All_Sec_Atmega1281_Rf212_Gcc.a(nwk.o)
 .text.nwkJoinIndMacCommStatusInd
                0x0000a8e0       0x54 ./../../../../BitCloud/lib/libBc_All_Sec_Atmega1281_Rf212_Gcc.a(nwk.o)
 .text.NWK_GetShortByExtAddress
                0x0000a934       0x60 ./../../../../BitCloud/lib/libBc_All_Sec_Atmega1281_Rf212_Gcc.a(nwk.o)
                0x0000a934                NWK_GetShortByExtAddress
 .text.NWK_LinkShortAndExtAddress
                0x0000a994       0xd8 ./../../../../BitCloud/lib/libBc_All_Sec_Atmega1281_Rf212_Gcc.a(nwk.o)
                0x0000a994                NWK_LinkShortAndExtAddress
 .text.nwkUpdateInternalTables
                0x0000aa6c      0x138 ./../../../../BitCloud/lib/libBc_All_Sec_Atmega1281_Rf212_Gcc.a(nwk.o)
 .text.nwkRouteReplyFrameInd
                0x0000aba4      0x18c ./../../../../BitCloud/lib/libBc_All_Sec_Atmega1281_Rf212_Gcc.a(nwk.o)
 .text.nwkRouteRequestFrameInd
                0x0000ad30       0xb6 ./../../../../BitCloud/lib/libBc_All_Sec_Atmega1281_Rf212_Gcc.a(nwk.o)
 .text.nwkDecryptFrameConf
                0x0000ade6      0x11c ./../../../../BitCloud/lib/libBc_All_Sec_Atmega1281_Rf212_Gcc.a(nwk.o)
 .text.NWK_GetNeighborTable
                0x0000af02        0x6 ./../../../../BitCloud/lib/libBc_All_Sec_Atmega1281_Rf212_Gcc.a(nwk.o)
                0x0000af02                NWK_GetNeighborTable
 .text.NWK_GetNeighborsLqi
                0x0000af08       0x3e ./../../../../BitCloud/lib/libBc_All_Sec_Atmega1281_Rf212_Gcc.a(nwk.o)
                0x0000af08                NWK_GetNeighborsLqi
 .text.NWK_IsKnownChild
                0x0000af46       0x24 ./../../../../BitCloud/lib/libBc_All_Sec_Atmega1281_Rf212_Gcc.a(nwk.o)
                0x0000af46                NWK_IsKnownChild
 .text.NWK_AuthenticateNeighbor
                0x0000af6a       0x36 ./../../../../BitCloud/lib/libBc_All_Sec_Atmega1281_Rf212_Gcc.a(nwk.o)
                0x0000af6a                NWK_AuthenticateNeighbor
 .text.MAC_OrphanInd
                0x0000afa0        0x2 ./../../../../BitCloud/lib/libBc_All_Sec_Atmega1281_Rf212_Gcc.a(nwk.o)
                0x0000afa0                MAC_OrphanInd
 .text.NWK_AllocDataReq
                0x0000afa2       0x26 ./../../../../BitCloud/lib/libBc_All_Sec_Atmega1281_Rf212_Gcc.a(nwk.o)
                0x0000afa2                NWK_AllocDataReq
 .text.NWK_FreeDataReq
                0x0000afc8        0xa ./../../../../BitCloud/lib/libBc_All_Sec_Atmega1281_Rf212_Gcc.a(nwk.o)
                0x0000afc8                NWK_FreeDataReq
 .text.NWK_DataTransformIndToReq
                0x0000afd2       0x6a ./../../../../BitCloud/lib/libBc_All_Sec_Atmega1281_Rf212_Gcc.a(nwk.o)
                0x0000afd2                NWK_DataTransformIndToReq
 .text.NWK_PermitJoiningReq
                0x0000b03c       0x2c ./../../../../BitCloud/lib/libBc_All_Sec_Atmega1281_Rf212_Gcc.a(nwk.o)
                0x0000b03c                NWK_PermitJoiningReq
 .text.NWK_ResetReq
                0x0000b068       0x20 ./../../../../BitCloud/lib/libBc_All_Sec_Atmega1281_Rf212_Gcc.a(nwk.o)
                0x0000b068                NWK_ResetReq
 .text.NWK_Init
                0x0000b088       0x20 ./../../../../BitCloud/lib/libBc_All_Sec_Atmega1281_Rf212_Gcc.a(nwk.o)
                0x0000b088                NWK_Init
 .text.NWK_RouteDiscoveryReq
                0x0000b0a8       0x34 ./../../../../BitCloud/lib/libBc_All_Sec_Atmega1281_Rf212_Gcc.a(nwk.o)
                0x0000b0a8                NWK_RouteDiscoveryReq
 .text.NWK_GetSecureAllFrames
                0x0000b0dc        0x6 ./../../../../BitCloud/lib/libBc_All_Sec_Atmega1281_Rf212_Gcc.a(nwk.o)
                0x0000b0dc                NWK_GetSecureAllFrames
 .text.NWK_SetKey
                0x0000b0e2       0xd6 ./../../../../BitCloud/lib/libBc_All_Sec_Atmega1281_Rf212_Gcc.a(nwk.o)
                0x0000b0e2                NWK_SetKey
 .text.NWK_ActivateKey
                0x0000b1b8       0x22 ./../../../../BitCloud/lib/libBc_All_Sec_Atmega1281_Rf212_Gcc.a(nwk.o)
                0x0000b1b8                NWK_ActivateKey
 .text.NWK_IsAnyKeyActivated
                0x0000b1da       0x12 ./../../../../BitCloud/lib/libBc_All_Sec_Atmega1281_Rf212_Gcc.a(nwk.o)
                0x0000b1da                NWK_IsAnyKeyActivated
 .text.nwkJoinReqMacPollConf
                0x0000b1ec       0x8c ./../../../../BitCloud/lib/libBc_All_Sec_Atmega1281_Rf212_Gcc.a(nwk.o)
 .text.nwkIsEncryptionRequired.clone.15
                0x0000b278       0x4a ./../../../../BitCloud/lib/libBc_All_Sec_Atmega1281_Rf212_Gcc.a(nwk.o)
 .text.NWK_GetActiveKeySeqNumber
                0x0000b2c2       0x28 ./../../../../BitCloud/lib/libBc_All_Sec_Atmega1281_Rf212_Gcc.a(nwk.o)
                0x0000b2c2                NWK_GetActiveKeySeqNumber
 .text.NWK_GetActiveKey
                0x0000b2ea       0x20 ./../../../../BitCloud/lib/libBc_All_Sec_Atmega1281_Rf212_Gcc.a(nwk.o)
                0x0000b2ea                NWK_GetActiveKey
 .text.nwkProcessDelayStatus
                0x0000b30a      0x15c ./../../../../BitCloud/lib/libBc_All_Sec_Atmega1281_Rf212_Gcc.a(nwk.o)
 .text.MAC_DataConf
                0x0000b466       0x30 ./../../../../BitCloud/lib/libBc_All_Sec_Atmega1281_Rf212_Gcc.a(nwk.o)
 .text.nwkTxDelayConf
                0x0000b496        0xe ./../../../../BitCloud/lib/libBc_All_Sec_Atmega1281_Rf212_Gcc.a(nwk.o)
 .text.nwkLeaveReqMacResetConf
                0x0000b4a4       0xf6 ./../../../../BitCloud/lib/libBc_All_Sec_Atmega1281_Rf212_Gcc.a(nwk.o)
 .text.nwkTxDelayTimerFired
                0x0000b59a       0x90 ./../../../../BitCloud/lib/libBc_All_Sec_Atmega1281_Rf212_Gcc.a(nwk.o)
 .text.NWK_GetUpdatedSecOutCounter
                0x0000b62a       0x58 ./../../../../BitCloud/lib/libBc_All_Sec_Atmega1281_Rf212_Gcc.a(nwk.o)
                0x0000b62a                NWK_GetUpdatedSecOutCounter
 .text.nwkTransmitOutputPacket
                0x0000b682       0xd6 ./../../../../BitCloud/lib/libBc_All_Sec_Atmega1281_Rf212_Gcc.a(nwk.o)
 .text.nwkSendDiscoveryCommand
                0x0000b758       0x74 ./../../../../BitCloud/lib/libBc_All_Sec_Atmega1281_Rf212_Gcc.a(nwk.o)
 .text.nwkRouteDiscoveryTableTaskHandler
                0x0000b7cc       0x9a ./../../../../BitCloud/lib/libBc_All_Sec_Atmega1281_Rf212_Gcc.a(nwk.o)
 .text.nwkEncryptOutputPacketConf
                0x0000b866       0x44 ./../../../../BitCloud/lib/libBc_All_Sec_Atmega1281_Rf212_Gcc.a(nwk.o)
 .text.nwkTxTaskHandler
                0x0000b8aa      0x1a8 ./../../../../BitCloud/lib/libBc_All_Sec_Atmega1281_Rf212_Gcc.a(nwk.o)
 .text.nwkMeshRouteDiscoveryConf
                0x0000ba52       0x6c ./../../../../BitCloud/lib/libBc_All_Sec_Atmega1281_Rf212_Gcc.a(nwk.o)
 .text.NWK_ResetAllSecurityCounters
                0x0000babe       0x1a ./../../../../BitCloud/lib/libBc_All_Sec_Atmega1281_Rf212_Gcc.a(nwk.o)
                0x0000babe                NWK_ResetAllSecurityCounters
 .text.NWK_ResetSecurityIB
                0x0000bad8       0x5e ./../../../../BitCloud/lib/libBc_All_Sec_Atmega1281_Rf212_Gcc.a(nwk.o)
                0x0000bad8                NWK_ResetSecurityIB
 .text.nwkResetMacResetConf
                0x0000bb36      0x56a ./../../../../BitCloud/lib/libBc_All_Sec_Atmega1281_Rf212_Gcc.a(nwk.o)
 .text.NWK_IsSecurityProvided
                0x0000c0a0       0x38 ./../../../../BitCloud/lib/libBc_All_Sec_Atmega1281_Rf212_Gcc.a(nwk.o)
                0x0000c0a0                NWK_IsSecurityProvided
 .text.nwkIsTransit
                0x0000c0d8       0x2c ./../../../../BitCloud/lib/libBc_All_Sec_Atmega1281_Rf212_Gcc.a(nwk.o)
 .text.nwkRxRetransmit
                0x0000c104       0xbe ./../../../../BitCloud/lib/libBc_All_Sec_Atmega1281_Rf212_Gcc.a(nwk.o)
 .text.MAC_DataInd
                0x0000c1c2      0x3ac ./../../../../BitCloud/lib/libBc_All_Sec_Atmega1281_Rf212_Gcc.a(nwk.o)
                0x0000c1c2                MAC_DataInd
 .text.NWK_DataReq
                0x0000c56e      0x29e ./../../../../BitCloud/lib/libBc_All_Sec_Atmega1281_Rf212_Gcc.a(nwk.o)
                0x0000c56e                NWK_DataReq
 .text.NWK_StartRouterReq
                0x0000c80c       0x20 ./../../../../BitCloud/lib/libBc_All_Sec_Atmega1281_Rf212_Gcc.a(nwk.o)
                0x0000c80c                NWK_StartRouterReq
 .text.NWK_IsActiveTransaction
                0x0000c82c       0x54 ./../../../../BitCloud/lib/libBc_All_Sec_Atmega1281_Rf212_Gcc.a(nwk.o)
                0x0000c82c                NWK_IsActiveTransaction
 .text.NWK_LaunchActivities
                0x0000c880       0x12 ./../../../../BitCloud/lib/libBc_All_Sec_Atmega1281_Rf212_Gcc.a(nwk.o)
                0x0000c880                NWK_LaunchActivities
 .text.NWK_StopActivities
                0x0000c892       0x12 ./../../../../BitCloud/lib/libBc_All_Sec_Atmega1281_Rf212_Gcc.a(nwk.o)
                0x0000c892                NWK_StopActivities
 .text.NWK_DeviceIsAbleToOperateInNetwork
                0x0000c8a4       0x36 ./../../../../BitCloud/lib/libBc_All_Sec_Atmega1281_Rf212_Gcc.a(nwk.o)
                0x0000c8a4                NWK_DeviceIsAbleToOperateInNetwork
 .text.NWK_GatherPowerFailureInfo
                0x0000c8da       0x24 ./../../../../BitCloud/lib/libBc_All_Sec_Atmega1281_Rf212_Gcc.a(nwk.o)
                0x0000c8da                NWK_GatherPowerFailureInfo
 .text.NWK_SyncReq
                0x0000c8fe       0x20 ./../../../../BitCloud/lib/libBc_All_Sec_Atmega1281_Rf212_Gcc.a(nwk.o)
                0x0000c8fe                NWK_SyncReq
 .text.MAC_PollInd
                0x0000c91e       0x52 ./../../../../BitCloud/lib/libBc_All_Sec_Atmega1281_Rf212_Gcc.a(nwk.o)
                0x0000c91e                MAC_PollInd
 .text.MAC_SyncLossInd
                0x0000c970        0x2 ./../../../../BitCloud/lib/libBc_All_Sec_Atmega1281_Rf212_Gcc.a(nwk.o)
                0x0000c970                MAC_SyncLossInd
 .text.NWK_TaskHandler
                0x0000c972       0xd8 ./../../../../BitCloud/lib/libBc_All_Sec_Atmega1281_Rf212_Gcc.a(nwk.o)
                0x0000c972                NWK_TaskHandler
 .text.NWK_GetUnicastDeliveryTime
                0x0000ca4a       0x6a ./../../../../BitCloud/lib/libBc_All_Sec_Atmega1281_Rf212_Gcc.a(nwk.o)
                0x0000ca4a                NWK_GetUnicastDeliveryTime
 .text.deleteHeadQueueElem
                0x0000cab4       0x22 ./../../../../BitCloud/lib/libBc_All_Sec_Atmega1281_Rf212_Gcc.a(queue.o)
                0x0000cab4                deleteHeadQueueElem
 .text.deleteQueueElem
                0x0000cad6       0x4a ./../../../../BitCloud/lib/libBc_All_Sec_Atmega1281_Rf212_Gcc.a(queue.o)
                0x0000cad6                deleteQueueElem
 .text.isQueueElem
                0x0000cb20       0x22 ./../../../../BitCloud/lib/libBc_All_Sec_Atmega1281_Rf212_Gcc.a(queue.o)
                0x0000cb20                isQueueElem
 .text.putQueueElem
                0x0000cb42       0x40 ./../../../../BitCloud/lib/libBc_All_Sec_Atmega1281_Rf212_Gcc.a(queue.o)
                0x0000cb42                putQueueElem
 .text.SSP_TaskHandler
                0x0000cb82       0x64 ./../../../../BitCloud/lib/libBc_All_Sec_Atmega1281_Rf212_Gcc.a(sspManager.o)
                0x0000cb82                SSP_TaskHandler
 .text.sspPostTask
                0x0000cbe6       0x32 ./../../../../BitCloud/lib/libBc_All_Sec_Atmega1281_Rf212_Gcc.a(sspManager.o)
                0x0000cbe6                sspPostTask
 .text.putReqInQueue
                0x0000cc18       0x2a ./../../../../BitCloud/lib/libBc_All_Sec_Atmega1281_Rf212_Gcc.a(sspManager.o)
 .text.sspSendConfToUpperLayer
                0x0000cc42       0x5a ./../../../../BitCloud/lib/libBc_All_Sec_Atmega1281_Rf212_Gcc.a(sspManager.o)
                0x0000cc42                sspSendConfToUpperLayer
 .text.SSP_Init
                0x0000cc9c       0x14 ./../../../../BitCloud/lib/libBc_All_Sec_Atmega1281_Rf212_Gcc.a(sspManager.o)
                0x0000cc9c                SSP_Init
 .text.SSP_EncryptFrameReq
                0x0000ccb0        0xa ./../../../../BitCloud/lib/libBc_All_Sec_Atmega1281_Rf212_Gcc.a(sspManager.o)
                0x0000ccb0                SSP_EncryptFrameReq
 .text.SSP_DecryptFrameReq
                0x0000ccba        0xc ./../../../../BitCloud/lib/libBc_All_Sec_Atmega1281_Rf212_Gcc.a(sspManager.o)
                0x0000ccba                SSP_DecryptFrameReq
 .text.SSP_ParseAuxiliaryHeader
                0x0000ccc6        0x6 ./../../../../BitCloud/lib/libBc_All_Sec_Atmega1281_Rf212_Gcc.a(sspManager.o)
                0x0000ccc6                SSP_ParseAuxiliaryHeader
 .text.SSP_GenerateChallenge
                0x0000cccc        0xe ./../../../../BitCloud/lib/libBc_All_Sec_Atmega1281_Rf212_Gcc.a(sspManager.o)
                0x0000cccc                SSP_GenerateChallenge
 .text.isMicCorrect
                0x0000ccda       0x1e ./../../../../BitCloud/lib/libBc_All_Sec_Atmega1281_Rf212_Gcc.a(sspSfpHandler.o)
 .text.finishEncryption
                0x0000ccf8       0x38 ./../../../../BitCloud/lib/libBc_All_Sec_Atmega1281_Rf212_Gcc.a(sspSfpHandler.o)
 .text.ccmConfirm
                0x0000cd30      0x10c ./../../../../BitCloud/lib/libBc_All_Sec_Atmega1281_Rf212_Gcc.a(sspSfpHandler.o)
 .text.sspEncryptFrameReqHandler
                0x0000ce3c      0x214 ./../../../../BitCloud/lib/libBc_All_Sec_Atmega1281_Rf212_Gcc.a(sspSfpHandler.o)
                0x0000ce3c                sspEncryptFrameReqHandler
 .text.sspDecryptFrameReqHandler
                0x0000d050      0x24c ./../../../../BitCloud/lib/libBc_All_Sec_Atmega1281_Rf212_Gcc.a(sspSfpHandler.o)
                0x0000d050                sspDecryptFrameReqHandler
 .text.sspParseAuxiliaryHeaderHandler
                0x0000d29c       0x60 ./../../../../BitCloud/lib/libBc_All_Sec_Atmega1281_Rf212_Gcc.a(sspSfpHandler.o)
                0x0000d29c                sspParseAuxiliaryHeaderHandler
 .text.SSP_IsKeyValid
                0x0000d2fc       0x1c ./../../../../BitCloud/lib/libBc_All_Sec_Atmega1281_Rf212_Gcc.a(sspSfpHandler.o)
                0x0000d2fc                SSP_IsKeyValid
 .text.SYS_DuplicateTableReset
                0x0000d318       0x4e ./../../../../BitCloud/lib/libBc_All_Sec_Atmega1281_Rf212_Gcc.a(sysDuplicateTable.o)
                0x0000d318                SYS_DuplicateTableReset
 .text.duplicateTableUpdate
                0x0000d366       0x8e ./../../../../BitCloud/lib/libBc_All_Sec_Atmega1281_Rf212_Gcc.a(sysDuplicateTable.o)
                0x0000d366                duplicateTableUpdate
 .text.SYS_DuplicateTableCheck
                0x0000d3f4      0x10c ./../../../../BitCloud/lib/libBc_All_Sec_Atmega1281_Rf212_Gcc.a(sysDuplicateTable.o)
                0x0000d3f4                SYS_DuplicateTableCheck
 .text.SYS_DuplicateTableClear
                0x0000d500       0x7c ./../../../../BitCloud/lib/libBc_All_Sec_Atmega1281_Rf212_Gcc.a(sysDuplicateTable.o)
                0x0000d500                SYS_DuplicateTableClear
 .text.SYS_PostEvent
                0x0000d57c       0x7a ./../../../../BitCloud/lib/libBc_All_Sec_Atmega1281_Rf212_Gcc.a(sysEvents.o)
                0x0000d57c                SYS_PostEvent
 .text.SYS_IsEventDeliverable
                0x0000d5f6       0x38 ./../../../../BitCloud/lib/libBc_All_Sec_Atmega1281_Rf212_Gcc.a(sysEvents.o)
                0x0000d5f6                SYS_IsEventDeliverable
 .text.SYS_IsEventSubscriber
                0x0000d62e       0x32 ./../../../../BitCloud/lib/libBc_All_Sec_Atmega1281_Rf212_Gcc.a(sysEvents.o)
                0x0000d62e                SYS_IsEventSubscriber
 .text.SYS_SubscribeToEvent
                0x0000d660       0x70 ./../../../../BitCloud/lib/libBc_All_Sec_Atmega1281_Rf212_Gcc.a(sysEvents.o)
                0x0000d660                SYS_SubscribeToEvent
 .text.SYS_RunTask
                0x0000d6d0       0x76 ./../../../../BitCloud/lib/libBc_All_Sec_Atmega1281_Rf212_Gcc.a(taskManager.o)
                0x0000d6d0                SYS_RunTask
 .text.SYS_ForceRunTask
                0x0000d746        0x6 ./../../../../BitCloud/lib/libBc_All_Sec_Atmega1281_Rf212_Gcc.a(taskManager.o)
                0x0000d746                SYS_ForceRunTask
 .text.SYS_SysInit
                0x0000d74c       0x22 ./../../../../BitCloud/lib/libBc_All_Sec_Atmega1281_Rf212_Gcc.a(taskManager.o)
                0x0000d74c                SYS_SysInit
 .text.tcPostTask
                0x0000d76e       0x32 ./../../../../BitCloud/lib/libBc_All_Sec_Atmega1281_Rf212_Gcc.a(tcTaskManager.o)
                0x0000d76e                tcPostTask
 .text.TC_TaskHandler
                0x0000d7a0       0x6c ./../../../../BitCloud/lib/libBc_All_Sec_Atmega1281_Rf212_Gcc.a(tcTaskManager.o)
                0x0000d7a0                TC_TaskHandler
 .text.tcResetTaskManager
                0x0000d80c        0x6 ./../../../../BitCloud/lib/libBc_All_Sec_Atmega1281_Rf212_Gcc.a(tcTaskManager.o)
                0x0000d80c                tcResetTaskManager
 .text.APS_StopConf
                0x0000d812       0x14 ./../../../../BitCloud/lib/libBc_All_Sec_Atmega1281_Rf212_Gcc.a(zdo.o)
 .text.zdoNodeManagerNwkLeaveConf
                0x0000d826        0x6 ./../../../../BitCloud/lib/libBc_All_Sec_Atmega1281_Rf212_Gcc.a(zdo.o)
 .text.zdoNwkManagerReset
                0x0000d82c       0x10 ./../../../../BitCloud/lib/libBc_All_Sec_Atmega1281_Rf212_Gcc.a(zdo.o)
 .text.updateDeviceConf
                0x0000d83c        0xc ./../../../../BitCloud/lib/libBc_All_Sec_Atmega1281_Rf212_Gcc.a(zdo.o)
 .text.zdoStackResetConf
                0x0000d848       0x1c ./../../../../BitCloud/lib/libBc_All_Sec_Atmega1281_Rf212_Gcc.a(zdo.o)
 .text.zdoSecurityManagerNwkLeaveConf
                0x0000d864        0x2 ./../../../../BitCloud/lib/libBc_All_Sec_Atmega1281_Rf212_Gcc.a(zdo.o)
 .text.zdoPostTask
                0x0000d866       0x3c ./../../../../BitCloud/lib/libBc_All_Sec_Atmega1281_Rf212_Gcc.a(zdo.o)
 .text.zdoCheckStartNetworkRequestsQueue
                0x0000d8a2       0x38 ./../../../../BitCloud/lib/libBc_All_Sec_Atmega1281_Rf212_Gcc.a(zdo.o)
 .text.zdoStartNetworkFree
                0x0000d8da        0xe ./../../../../BitCloud/lib/libBc_All_Sec_Atmega1281_Rf212_Gcc.a(zdo.o)
 .text.startConfirm
                0x0000d8e8       0x2e ./../../../../BitCloud/lib/libBc_All_Sec_Atmega1281_Rf212_Gcc.a(zdo.o)
 .text.sleepConfirm
                0x0000d916       0x24 ./../../../../BitCloud/lib/libBc_All_Sec_Atmega1281_Rf212_Gcc.a(zdo.o)
 .text.wakeUpConfirm
                0x0000d93a       0x24 ./../../../../BitCloud/lib/libBc_All_Sec_Atmega1281_Rf212_Gcc.a(zdo.o)
 .text.securityWaitTimerFired
                0x0000d95e        0xe ./../../../../BitCloud/lib/libBc_All_Sec_Atmega1281_Rf212_Gcc.a(zdo.o)
 .text.zdoUnpostTask
                0x0000d96c       0x28 ./../../../../BitCloud/lib/libBc_All_Sec_Atmega1281_Rf212_Gcc.a(zdo.o)
 .text.zdoSetZdpDataReqState
                0x0000d994       0x22 ./../../../../BitCloud/lib/libBc_All_Sec_Atmega1281_Rf212_Gcc.a(zdo.o)
 .text.confirmResponse
                0x0000d9b6        0x8 ./../../../../BitCloud/lib/libBc_All_Sec_Atmega1281_Rf212_Gcc.a(zdo.o)
 .text.zdoDefaultBindApsDataConf
                0x0000d9be        0x8 ./../../../../BitCloud/lib/libBc_All_Sec_Atmega1281_Rf212_Gcc.a(zdo.o)
 .text.confirmMgmtLqiResponse
                0x0000d9c6        0x8 ./../../../../BitCloud/lib/libBc_All_Sec_Atmega1281_Rf212_Gcc.a(zdo.o)
 .text.permitJoiningConf
                0x0000d9ce       0x16 ./../../../../BitCloud/lib/libBc_All_Sec_Atmega1281_Rf212_Gcc.a(zdo.o)
 .text.confirmMgmtPermitJoiningResponse
                0x0000d9e4        0x8 ./../../../../BitCloud/lib/libBc_All_Sec_Atmega1281_Rf212_Gcc.a(zdo.o)
 .text.zdoZdpApsConfCallback
                0x0000d9ec       0x7e ./../../../../BitCloud/lib/libBc_All_Sec_Atmega1281_Rf212_Gcc.a(zdo.o)
 .text.zdoSetZdpIndState
                0x0000da6a       0x10 ./../../../../BitCloud/lib/libBc_All_Sec_Atmega1281_Rf212_Gcc.a(zdo.o)
 .text.ttlUpdateTimerFired
                0x0000da7a       0x72 ./../../../../BitCloud/lib/libBc_All_Sec_Atmega1281_Rf212_Gcc.a(zdo.o)
 .text.zdoSetOutOfNetworkFlag
                0x0000daec       0x36 ./../../../../BitCloud/lib/libBc_All_Sec_Atmega1281_Rf212_Gcc.a(zdo.o)
 .text.zdoStartNetworkConfirm
                0x0000db22       0x24 ./../../../../BitCloud/lib/libBc_All_Sec_Atmega1281_Rf212_Gcc.a(zdo.o)
 .text.reenterNetwork
                0x0000db46       0x30 ./../../../../BitCloud/lib/libBc_All_Sec_Atmega1281_Rf212_Gcc.a(zdo.o)
 .text.joinNetwork
                0x0000db76       0x86 ./../../../../BitCloud/lib/libBc_All_Sec_Atmega1281_Rf212_Gcc.a(zdo.o)
 .text.zdoRejoinNetwork
                0x0000dbfc       0x1c ./../../../../BitCloud/lib/libBc_All_Sec_Atmega1281_Rf212_Gcc.a(zdo.o)
 .text.zdoIntraPanPortApsStopConf
                0x0000dc18       0x1c ./../../../../BitCloud/lib/libBc_All_Sec_Atmega1281_Rf212_Gcc.a(zdo.o)
 .text.joinTimerFired
                0x0000dc34        0x6 ./../../../../BitCloud/lib/libBc_All_Sec_Atmega1281_Rf212_Gcc.a(zdo.o)
 .text.stopSyncTimer
                0x0000dc3a        0xa ./../../../../BitCloud/lib/libBc_All_Sec_Atmega1281_Rf212_Gcc.a(zdo.o)
 .text.startSyncTimer
                0x0000dc44       0x62 ./../../../../BitCloud/lib/libBc_All_Sec_Atmega1281_Rf212_Gcc.a(zdo.o)
 .text.zdoZdpResetReq
                0x0000dca6       0x90 ./../../../../BitCloud/lib/libBc_All_Sec_Atmega1281_Rf212_Gcc.a(zdo.o)
 .text.zdoNetworkFormationReq
                0x0000dd36       0x44 ./../../../../BitCloud/lib/libBc_All_Sec_Atmega1281_Rf212_Gcc.a(zdo.o)
 .text.permitJoin
                0x0000dd7a       0x24 ./../../../../BitCloud/lib/libBc_All_Sec_Atmega1281_Rf212_Gcc.a(zdo.o)
 .text.zdoPseudoRandomSeed
                0x0000dd9e       0x46 ./../../../../BitCloud/lib/libBc_All_Sec_Atmega1281_Rf212_Gcc.a(zdo.o)
 .text.RF_RandomConfUpdater
                0x0000dde4       0x1c ./../../../../BitCloud/lib/libBc_All_Sec_Atmega1281_Rf212_Gcc.a(zdo.o)
 .text.zdoUpdateRandSeedTimerFired
                0x0000de00       0x28 ./../../../../BitCloud/lib/libBc_All_Sec_Atmega1281_Rf212_Gcc.a(zdo.o)
 .text.zdoStackReset
                0x0000de28       0x2a ./../../../../BitCloud/lib/libBc_All_Sec_Atmega1281_Rf212_Gcc.a(zdo.o)
 .text.delayTimerFired
                0x0000de52        0xa ./../../../../BitCloud/lib/libBc_All_Sec_Atmega1281_Rf212_Gcc.a(zdo.o)
 .text.startSystemSleep
                0x0000de5c       0x48 ./../../../../BitCloud/lib/libBc_All_Sec_Atmega1281_Rf212_Gcc.a(zdo.o)
 .text.sendSyncReq
                0x0000dea4       0x30 ./../../../../BitCloud/lib/libBc_All_Sec_Atmega1281_Rf212_Gcc.a(zdo.o)
 .text.transceiverSwitchedOn
                0x0000ded4       0x3a ./../../../../BitCloud/lib/libBc_All_Sec_Atmega1281_Rf212_Gcc.a(zdo.o)
 .text.wakeupCallback
                0x0000df0e       0x4c ./../../../../BitCloud/lib/libBc_All_Sec_Atmega1281_Rf212_Gcc.a(zdo.o)
 .text.zdoPowerManagerHandler
                0x0000df5a       0xf6 ./../../../../BitCloud/lib/libBc_All_Sec_Atmega1281_Rf212_Gcc.a(zdo.o)
 .text.transceiverSwitchedOff
                0x0000e050       0x18 ./../../../../BitCloud/lib/libBc_All_Sec_Atmega1281_Rf212_Gcc.a(zdo.o)
 .text.zdoZdpManagerHandler
                0x0000e068      0x1d6 ./../../../../BitCloud/lib/libBc_All_Sec_Atmega1281_Rf212_Gcc.a(zdo.o)
 .text.zdoNwkEventListener
                0x0000e23e       0x6e ./../../../../BitCloud/lib/libBc_All_Sec_Atmega1281_Rf212_Gcc.a(zdo.o)
 .text.zdoOtherEventListener
                0x0000e2ac       0x34 ./../../../../BitCloud/lib/libBc_All_Sec_Atmega1281_Rf212_Gcc.a(zdo.o)
 .text.zdoExecuteEDScan
                0x0000e2e0       0x36 ./../../../../BitCloud/lib/libBc_All_Sec_Atmega1281_Rf212_Gcc.a(zdo.o)
 .text.confirmMgmtNwkUpdateNotify
                0x0000e316       0x2e ./../../../../BitCloud/lib/libBc_All_Sec_Atmega1281_Rf212_Gcc.a(zdo.o)
 .text.channelChangeTimerFired
                0x0000e344       0x22 ./../../../../BitCloud/lib/libBc_All_Sec_Atmega1281_Rf212_Gcc.a(zdo.o)
 .text.MAC_SetConf
                0x0000e366       0x7e ./../../../../BitCloud/lib/libBc_All_Sec_Atmega1281_Rf212_Gcc.a(zdo.o)
 .text.nwkAddrResp
                0x0000e3e4       0x5e ./../../../../BitCloud/lib/libBc_All_Sec_Atmega1281_Rf212_Gcc.a(zdo.o)
 .text.zdoChildEventListener
                0x0000e442       0xa8 ./../../../../BitCloud/lib/libBc_All_Sec_Atmega1281_Rf212_Gcc.a(zdo.o)
 .text.zdoInitNotifications
                0x0000e4ea       0x6e ./../../../../BitCloud/lib/libBc_All_Sec_Atmega1281_Rf212_Gcc.a(zdo.o)
                0x0000e4ea                zdoInitNotifications
 .text.zdoInitHandler
                0x0000e558      0x122 ./../../../../BitCloud/lib/libBc_All_Sec_Atmega1281_Rf212_Gcc.a(zdo.o)
 .text.ZDO_StartSyncReq
                0x0000e67a       0x30 ./../../../../BitCloud/lib/libBc_All_Sec_Atmega1281_Rf212_Gcc.a(zdo.o)
                0x0000e67a                ZDO_StartSyncReq
 .text.deviceAnnceConf
                0x0000e6aa       0x16 ./../../../../BitCloud/lib/libBc_All_Sec_Atmega1281_Rf212_Gcc.a(zdo.o)
 .text.ZDO_StopSyncReq
                0x0000e6c0       0x18 ./../../../../BitCloud/lib/libBc_All_Sec_Atmega1281_Rf212_Gcc.a(zdo.o)
                0x0000e6c0                ZDO_StopSyncReq
 .text.zdoLeaveNetworkReq
                0x0000e6d8       0x88 ./../../../../BitCloud/lib/libBc_All_Sec_Atmega1281_Rf212_Gcc.a(zdo.o)
 .text.zdoParentChangeConf
                0x0000e760       0x4c ./../../../../BitCloud/lib/libBc_All_Sec_Atmega1281_Rf212_Gcc.a(zdo.o)
 .text.confirmMgmtLeaveResponse
                0x0000e7ac       0xac ./../../../../BitCloud/lib/libBc_All_Sec_Atmega1281_Rf212_Gcc.a(zdo.o)
 .text.startStopSyncReq
                0x0000e858       0x1a ./../../../../BitCloud/lib/libBc_All_Sec_Atmega1281_Rf212_Gcc.a(zdo.o)
 .text.zdoResetSecurityManager
                0x0000e872       0x80 ./../../../../BitCloud/lib/libBc_All_Sec_Atmega1281_Rf212_Gcc.a(zdo.o)
                0x0000e872                zdoResetSecurityManager
 .text.leaveNetworkInd
                0x0000e8f2       0x36 ./../../../../BitCloud/lib/libBc_All_Sec_Atmega1281_Rf212_Gcc.a(zdo.o)
 .text.zdoLeaveNetworkNwkLeaveConf
                0x0000e928        0xe ./../../../../BitCloud/lib/libBc_All_Sec_Atmega1281_Rf212_Gcc.a(zdo.o)
 .text.zdoReset
                0x0000e936       0x1c ./../../../../BitCloud/lib/libBc_All_Sec_Atmega1281_Rf212_Gcc.a(zdo.o)
 .text.zdoLeaveConfirm
                0x0000e952       0x9a ./../../../../BitCloud/lib/libBc_All_Sec_Atmega1281_Rf212_Gcc.a(zdo.o)
 .text.APS_SwitchKeyInd
                0x0000e9ec       0xa4 ./../../../../BitCloud/lib/libBc_All_Sec_Atmega1281_Rf212_Gcc.a(zdo.o)
                0x0000e9ec                APS_SwitchKeyInd
 .text.APS_RemoveDeviceInd
                0x0000ea90      0x112 ./../../../../BitCloud/lib/libBc_All_Sec_Atmega1281_Rf212_Gcc.a(zdo.o)
                0x0000ea90                APS_RemoveDeviceInd
 .text.ZDO_GetPreconfiguredStatus
                0x0000eba2       0x22 ./../../../../BitCloud/lib/libBc_All_Sec_Atmega1281_Rf212_Gcc.a(zdo.o)
                0x0000eba2                ZDO_GetPreconfiguredStatus
 .text.APS_TransportKeyInd
                0x0000ebc4      0x1d8 ./../../../../BitCloud/lib/libBc_All_Sec_Atmega1281_Rf212_Gcc.a(zdo.o)
                0x0000ebc4                APS_TransportKeyInd
 .text.zdoAuthenticateChild
                0x0000ed9c       0x76 ./../../../../BitCloud/lib/libBc_All_Sec_Atmega1281_Rf212_Gcc.a(zdo.o)
                0x0000ed9c                zdoAuthenticateChild
 .text.ZDO_TaskHandler
                0x0000ee12       0x7c ./../../../../BitCloud/lib/libBc_All_Sec_Atmega1281_Rf212_Gcc.a(zdo.o)
                0x0000ee12                ZDO_TaskHandler
 .text.APS_ZdoDataInd
                0x0000ee8e      0x160 ./../../../../BitCloud/lib/libBc_All_Sec_Atmega1281_Rf212_Gcc.a(zdo.o)
                0x0000ee8e                APS_ZdoDataInd
 .text.ZDO_ZdpReq
                0x0000efee       0x64 ./../../../../BitCloud/lib/libBc_All_Sec_Atmega1281_Rf212_Gcc.a(zdo.o)
                0x0000efee                ZDO_ZdpReq
 .text.zdoSendDeviceAnnce